[2025-07-12T15:28:37.816+0000][0.016s][gc,init] Initializing The Z Garbage Collector
[2025-07-12T15:28:37.818+0000][0.018s][gc,init] Version: 21.0.7+6-LTS (release)
[2025-07-12T15:28:37.819+0000][0.019s][gc,init] NUMA Support: Disabled
[2025-07-12T15:28:37.820+0000][0.020s][gc,init] CPUs: 2 total, 2 available
[2025-07-12T15:28:37.822+0000][0.021s][gc,init] Memory: 7960M
[2025-07-12T15:28:37.823+0000][0.023s][gc,init] Large Page Support: Disabled
[2025-07-12T15:28:37.824+0000][0.024s][gc,init] Address Space Type: Contiguous/Unrestricted/Complete
[2025-07-12T15:28:37.825+0000][0.025s][gc,init] Address Space Size: 16384M
[2025-07-12T15:28:37.826+0000][0.026s][gc,init] Heap Backing File: /memfd:java_heap
[2025-07-12T15:28:37.827+0000][0.027s][gc,init] Heap Backing Filesystem: tmpfs (0x1021994)
[2025-07-12T15:28:37.829+0000][0.029s][gc,init] Min Capacity: 1024M
[2025-07-12T15:28:37.830+0000][0.030s][gc,init] Initial Capacity: 1024M
[2025-07-12T15:28:37.831+0000][0.031s][gc,init] Max Capacity: 1024M
[2025-07-12T15:28:37.832+0000][0.032s][gc,init] Soft Max Capacity: 1024M
[2025-07-12T15:28:37.833+0000][0.033s][gc,init] Medium Page Size: 32M
[2025-07-12T15:28:37.834+0000][0.034s][gc,init] Pre-touch: Enabled
[2025-07-12T15:28:37.835+0000][0.035s][gc,init] Available space on backing filesystem: N/A
[2025-07-12T15:28:37.836+0000][0.036s][gc,init] Uncommit: Implicitly Disabled (-Xms equals -Xmx)
[2025-07-12T15:28:37.837+0000][0.037s][gc,init] GC Workers for Old Generation: 1 (dynamic)
[2025-07-12T15:28:37.839+0000][0.038s][gc,init] GC Workers for Young Generation: 1 (dynamic)
[2025-07-12T15:28:40.557+0000][2.757s][gc,init] GC Workers Max: 1 (dynamic)
[2025-07-12T15:28:40.560+0000][2.760s][gc,init] Runtime Workers: 2
[2025-07-12T15:28:40.563+0000][2.763s][gc     ] Using The Z Garbage Collector
[2025-07-12T15:28:40.564+0000][2.764s][gc,metaspace] CDS archive(s) not mapped
[2025-07-12T15:28:40.565+0000][2.765s][gc,metaspace] Compressed class space mapped at: 0x0000000080000000-0x00000000c0000000, reserved size: 1073741824
[2025-07-12T15:28:40.567+0000][2.766s][gc,metaspace] Narrow klass base: 0x0000000000000000, Narrow klass shift: 0, Narrow klass range: 0xc0000000
[2025-07-12T15:28:41.720+0000][3.920s][safepoint   ] Safepoint "Cleanup", Time since last: 1100129300 ns, Reaching safepoint: 13900 ns, Cleanup: 83200 ns, At safepoint: 36700 ns, Total: 133800 ns
[2025-07-12T15:28:42.818+0000][5.018s][safepoint   ] Safepoint "Cleanup", Time since last: 1089164900 ns, Reaching safepoint: 16300 ns, Cleanup: 94900 ns, At safepoint: 33800 ns, Total: 145000 ns
[2025-07-12T15:28:43.990+0000][6.190s][safepoint   ] Safepoint "Cleanup", Time since last: 1180641600 ns, Reaching safepoint: 17700 ns, Cleanup: 118900 ns, At safepoint: 33200 ns, Total: 169800 ns
[2025-07-12T15:28:44.957+0000][7.157s][gc          ] GC(0) Major Collection (Metadata GC Threshold)
[2025-07-12T15:28:44.957+0000][7.157s][gc,task     ] GC(0) Using 1 Workers for Young Generation
[2025-07-12T15:28:44.957+0000][7.157s][gc,task     ] GC(0) Using 1 Workers for Old Generation
[2025-07-12T15:28:44.957+0000][7.157s][gc,phases   ] GC(0) Y: Young Generation
[2025-07-12T15:28:44.962+0000][7.162s][gc,phases   ] GC(0) Y: Pause Mark Start (Major) 0.768ms
[2025-07-12T15:28:44.967+0000][7.167s][safepoint   ] Safepoint "ZMarkStartYoungAndOld", Time since last: 967540400 ns, Reaching safepoint: 2387100 ns, Cleanup: 744900 ns, At safepoint: 1790800 ns, Total: 4922800 ns
[2025-07-12T15:28:45.074+0000][7.273s][gc,phases   ] GC(0) Y: Concurrent Mark 105.934ms
[2025-07-12T15:28:45.075+0000][7.275s][gc,phases   ] GC(0) Y: Pause Mark End 0.328ms
[2025-07-12T15:28:45.075+0000][7.275s][safepoint   ] Safepoint "ZMarkEndYoung", Time since last: 110748300 ns, Reaching safepoint: 925800 ns, Cleanup: 30400 ns, At safepoint: 431000 ns, Total: 1387200 ns
[2025-07-12T15:28:45.075+0000][7.275s][gc,phases   ] GC(0) Y: Concurrent Mark Free 0.010ms
[2025-07-12T15:28:45.075+0000][7.275s][gc,phases   ] GC(0) Y: Concurrent Reset Relocation Set 0.011ms
[2025-07-12T15:28:45.094+0000][7.294s][gc,reloc    ] GC(0) Y: Using tenuring threshold: 1 (Computed)
[2025-07-12T15:28:45.128+0000][7.328s][gc,phases   ] GC(0) Y: Concurrent Select Relocation Set 52.850ms
[2025-07-12T15:28:45.132+0000][7.332s][gc,phases   ] GC(0) Y: Pause Relocate Start 0.321ms
[2025-07-12T15:28:45.132+0000][7.332s][safepoint   ] Safepoint "ZRelocateStartYoung", Time since last: 53133900 ns, Reaching safepoint: 3685300 ns, Cleanup: 32200 ns, At safepoint: 572500 ns, Total: 4290000 ns
[2025-07-12T15:28:45.159+0000][7.359s][gc,phases   ] GC(0) Y: Concurrent Relocate 25.918ms
[2025-07-12T15:28:45.159+0000][7.359s][gc,alloc    ] GC(0) Y:                         Mark Start        Mark End      Relocate Start    Relocate End   
[2025-07-12T15:28:45.159+0000][7.359s][gc,alloc    ] GC(0) Y: Allocation Stalls:          0                0                0                0         
[2025-07-12T15:28:45.159+0000][7.359s][gc,load     ] GC(0) Y: Load: 1.78 (89%) / 2.03 (102%) / 1.72 (86%)
[2025-07-12T15:28:45.159+0000][7.359s][gc,mmu      ] GC(0) Y: MMU: 2ms/61.6%, 5ms/84.6%, 10ms/92.3%, 20ms/96.2%, 50ms/98.5%, 100ms/99.2%
[2025-07-12T15:28:45.159+0000][7.359s][gc,marking  ] GC(0) Y: Mark: 1 stripe(s), 2 proactive flush(es), 1 terminate flush(es), 0 completion(s), 0 continuation(s) 
[2025-07-12T15:28:45.159+0000][7.359s][gc,marking  ] GC(0) Y: Mark Stack Usage: 32M
[2025-07-12T15:28:45.159+0000][7.359s][gc,nmethod  ] GC(0) Y: NMethods: 1870 registered, 0 unregistered
[2025-07-12T15:28:45.159+0000][7.359s][gc,metaspace] GC(0) Y: Metaspace: 21M used, 21M committed, 1088M reserved
[2025-07-12T15:28:45.159+0000][7.359s][gc,reloc    ] GC(0) Y:                        Candidates     Selected     In-Place         Size        Empty    Relocated 
[2025-07-12T15:28:45.159+0000][7.359s][gc,reloc    ] GC(0) Y: Small Pages:                   29           21            0          58M           0M           5M 
[2025-07-12T15:28:45.159+0000][7.359s][gc,reloc    ] GC(0) Y: Medium Pages:                   1            0            0          32M           0M           0M 
[2025-07-12T15:28:45.159+0000][7.359s][gc,reloc    ] GC(0) Y: Large Pages:                    0            0            0           0M           0M           0M 
[2025-07-12T15:28:45.159+0000][7.359s][gc,reloc    ] GC(0) Y: Forwarding Usage: 1M
[2025-07-12T15:28:45.159+0000][7.359s][gc,reloc    ] GC(0) Y: Age Table:
[2025-07-12T15:28:45.159+0000][7.359s][gc,reloc    ] GC(0) Y:                    Live             Garbage             Small              Medium             Large        
[2025-07-12T15:28:45.159+0000][7.359s][gc,reloc    ] GC(0) Y: Eden              17M (2%)           72M (7%)          29 / 21             1 / 0              0 / 0        
[2025-07-12T15:28:45.159+0000][7.359s][gc,heap     ] GC(0) Y: Min Capacity: 1024M(100%)
[2025-07-12T15:28:45.159+0000][7.359s][gc,heap     ] GC(0) Y: Max Capacity: 1024M(100%)
[2025-07-12T15:28:45.159+0000][7.359s][gc,heap     ] GC(0) Y: Soft Max Capacity: 1024M(100%)
[2025-07-12T15:28:45.159+0000][7.359s][gc,heap     ] GC(0) Y: Heap Statistics:
[2025-07-12T15:28:45.160+0000][7.359s][gc,heap     ] GC(0) Y:                Mark Start          Mark End        Relocate Start      Relocate End           High               Low         
[2025-07-12T15:28:45.160+0000][7.359s][gc,heap     ] GC(0) Y:  Capacity:     1024M (100%)       1024M (100%)       1024M (100%)       1024M (100%)       1024M (100%)       1024M (100%)   
[2025-07-12T15:28:45.160+0000][7.359s][gc,heap     ] GC(0) Y:      Free:      934M (91%)         928M (91%)         928M (91%)         966M (94%)         966M (94%)         922M (90%)    
[2025-07-12T15:28:45.160+0000][7.359s][gc,heap     ] GC(0) Y:      Used:       90M (9%)           96M (9%)           96M (9%)           58M (6%)          102M (10%)          58M (6%)     
[2025-07-12T15:28:45.160+0000][7.359s][gc,heap     ] GC(0) Y: Young Generation Statistics:
[2025-07-12T15:28:45.160+0000][7.359s][gc,heap     ] GC(0) Y:                Mark Start          Mark End        Relocate Start      Relocate End    
[2025-07-12T15:28:45.160+0000][7.359s][gc,heap     ] GC(0) Y:      Used:       90M (9%)           96M (9%)           96M (9%)           58M (6%)     
[2025-07-12T15:28:45.160+0000][7.359s][gc,heap     ] GC(0) Y:      Live:         -                17M (2%)           17M (2%)           17M (2%)     
[2025-07-12T15:28:45.160+0000][7.360s][gc,heap     ] GC(0) Y:   Garbage:         -                72M (7%)           72M (7%)           29M (3%)     
[2025-07-12T15:28:45.160+0000][7.360s][gc,heap     ] GC(0) Y: Allocated:         -                 6M (1%)            6M (1%)           11M (1%)     
[2025-07-12T15:28:45.160+0000][7.360s][gc,heap     ] GC(0) Y: Reclaimed:         -                  -                 0M (0%)           43M (4%)     
[2025-07-12T15:28:45.160+0000][7.360s][gc,heap     ] GC(0) Y:  Promoted:         -                  -                 0M (0%)            0M (0%)     
[2025-07-12T15:28:45.160+0000][7.360s][gc,heap     ] GC(0) Y: Compacted:         -                  -                  -                 8M (1%)     
[2025-07-12T15:28:45.160+0000][7.360s][gc,phases   ] GC(0) Y: Young Generation 90M(9%)->58M(6%) 0.202s
[2025-07-12T15:28:45.160+0000][7.360s][gc,phases   ] GC(0) O: Old Generation
[2025-07-12T15:28:45.162+0000][7.361s][gc,phases   ] GC(0) O: Concurrent Mark 1.627ms
[2025-07-12T15:28:45.171+0000][7.371s][gc,phases   ] GC(0) O: Pause Mark End 0.140ms
[2025-07-12T15:28:45.171+0000][7.371s][safepoint   ] Safepoint "ZMarkEndOld", Time since last: 29308600 ns, Reaching safepoint: 9406500 ns, Cleanup: 31500 ns, At safepoint: 237400 ns, Total: 9675400 ns
[2025-07-12T15:28:45.174+0000][7.374s][gc,phases   ] GC(0) O: Concurrent Mark Free 0.044ms
[2025-07-12T15:28:45.190+0000][7.390s][gc,phases   ] GC(0) O: Concurrent Process Non-Strong 16.136ms
[2025-07-12T15:28:45.190+0000][7.390s][gc,phases   ] GC(0) O: Concurrent Reset Relocation Set 0.010ms
[2025-07-12T15:28:45.195+0000][7.395s][safepoint   ] Safepoint "CleanClassLoaderDataMetaspaces", Time since last: 19051000 ns, Reaching safepoint: 4166000 ns, Cleanup: 98400 ns, At safepoint: 631200 ns, Total: 4895600 ns
[2025-07-12T15:28:45.196+0000][7.396s][gc,phases   ] GC(0) O: Concurrent Select Relocation Set 5.671ms
[2025-07-12T15:28:45.196+0000][7.396s][gc,task     ] GC(0) O: Using 1 Workers for Old Generation
[2025-07-12T15:28:45.303+0000][7.503s][gc,task     ] GC(0) O: Using 1 Workers for Old Generation
[2025-07-12T15:28:45.303+0000][7.503s][gc,phases   ] GC(0) O: Concurrent Remap Roots 107.024ms
[2025-07-12T15:28:45.304+0000][7.504s][gc,phases   ] GC(0) O: Pause Relocate Start 0.625ms
[2025-07-12T15:28:45.304+0000][7.504s][safepoint   ] Safepoint "ZRelocateStartOld", Time since last: 107953200 ns, Reaching safepoint: 213000 ns, Cleanup: 21200 ns, At safepoint: 707800 ns, Total: 942000 ns
[2025-07-12T15:28:45.306+0000][7.506s][gc,phases   ] GC(0) O: Concurrent Relocate 1.331ms
[2025-07-12T15:28:45.306+0000][7.506s][gc,alloc    ] GC(0) O:                         Mark Start        Mark End      Relocate Start    Relocate End   
[2025-07-12T15:28:45.306+0000][7.506s][gc,alloc    ] GC(0) O: Allocation Stalls:          0                0                0                0         
[2025-07-12T15:28:45.306+0000][7.506s][gc,load     ] GC(0) O: Load: 1.78 (89%) / 2.03 (102%) / 1.72 (86%)
[2025-07-12T15:28:45.306+0000][7.506s][gc,mmu      ] GC(0) O: MMU: 2ms/61.6%, 5ms/84.6%, 10ms/92.3%, 20ms/96.2%, 50ms/98.5%, 100ms/99.2%
[2025-07-12T15:28:45.306+0000][7.506s][gc,marking  ] GC(0) O: Mark: 1 stripe(s), 1 proactive flush(es), 1 terminate flush(es), 0 completion(s), 0 continuation(s) 
[2025-07-12T15:28:45.306+0000][7.506s][gc,marking  ] GC(0) O: Mark Stack Usage: 0M
[2025-07-12T15:28:45.306+0000][7.506s][gc,nmethod  ] GC(0) O: NMethods: 1684 registered, 201 unregistered
[2025-07-12T15:28:45.306+0000][7.506s][gc,metaspace] GC(0) O: Metaspace: 21M used, 21M committed, 1088M reserved
[2025-07-12T15:28:45.306+0000][7.506s][gc,ref      ] GC(0) O:                       Encountered   Discovered     Enqueued 
[2025-07-12T15:28:45.306+0000][7.506s][gc,ref      ] GC(0) O: Soft References:             3641            0            0 
[2025-07-12T15:28:45.306+0000][7.506s][gc,ref      ] GC(0) O: Weak References:             1450            0            0 
[2025-07-12T15:28:45.306+0000][7.506s][gc,ref      ] GC(0) O: Final References:               0            0            0 
[2025-07-12T15:28:45.306+0000][7.506s][gc,ref      ] GC(0) O: Phantom References:          1127            0            0 
[2025-07-12T15:28:45.306+0000][7.506s][gc,heap     ] GC(0) O: Min Capacity: 1024M(100%)
[2025-07-12T15:28:45.307+0000][7.506s][gc,heap     ] GC(0) O: Max Capacity: 1024M(100%)
[2025-07-12T15:28:45.307+0000][7.506s][gc,heap     ] GC(0) O: Soft Max Capacity: 1024M(100%)
[2025-07-12T15:28:45.307+0000][7.506s][gc,heap     ] GC(0) O: Heap Statistics:
[2025-07-12T15:28:45.307+0000][7.506s][gc,heap     ] GC(0) O:                Mark Start          Mark End        Relocate Start      Relocate End           High               Low         
[2025-07-12T15:28:45.307+0000][7.506s][gc,heap     ] GC(0) O:  Capacity:     1024M (100%)       1024M (100%)       1024M (100%)       1024M (100%)       1024M (100%)       1024M (100%)   
[2025-07-12T15:28:45.307+0000][7.506s][gc,heap     ] GC(0) O:      Free:      934M (91%)         966M (94%)         964M (94%)         964M (94%)         966M (94%)         922M (90%)    
[2025-07-12T15:28:45.307+0000][7.506s][gc,heap     ] GC(0) O:      Used:       90M (9%)           58M (6%)           60M (6%)           60M (6%)          102M (10%)          58M (6%)     
[2025-07-12T15:28:45.307+0000][7.506s][gc,heap     ] GC(0) O: Old Generation Statistics:
[2025-07-12T15:28:45.307+0000][7.507s][gc,heap     ] GC(0) O:                Mark Start          Mark End        Relocate Start      Relocate End    
[2025-07-12T15:28:45.307+0000][7.507s][gc,heap     ] GC(0) O:      Used:        0M (0%)            0M (0%)            0M (0%)            0M (0%)     
[2025-07-12T15:28:45.307+0000][7.507s][gc,heap     ] GC(0) O:      Live:         -                 0M (0%)            0M (0%)            0M (0%)     
[2025-07-12T15:28:45.307+0000][7.507s][gc,heap     ] GC(0) O:   Garbage:         -                 0M (0%)            0M (0%)            0M (0%)     
[2025-07-12T15:28:45.307+0000][7.507s][gc,heap     ] GC(0) O: Allocated:         -                 0M (0%)            0M (0%)            0M (0%)     
[2025-07-12T15:28:45.307+0000][7.507s][gc,heap     ] GC(0) O: Reclaimed:         -                  -                 0M (0%)            0M (0%)     
[2025-07-12T15:28:45.307+0000][7.507s][gc,heap     ] GC(0) O: Compacted:         -                  -                  -                 0M (0%)     
[2025-07-12T15:28:45.307+0000][7.507s][gc,phases   ] GC(0) O: Old Generation 58M(6%)->60M(6%) 0.146s
[2025-07-12T15:28:45.307+0000][7.507s][gc          ] GC(0) Major Collection (Metadata GC Threshold) 90M(9%)->60M(6%) 0.350s
[2025-07-12T15:28:46.097+0000][8.297s][gc          ] GC(1) Major Collection (Warmup)
[2025-07-12T15:28:46.097+0000][8.297s][gc,task     ] GC(1) Using 1 Workers for Young Generation
[2025-07-12T15:28:46.097+0000][8.297s][gc,task     ] GC(1) Using 1 Workers for Old Generation
[2025-07-12T15:28:46.097+0000][8.297s][gc,phases   ] GC(1) Y: Young Generation
[2025-07-12T15:28:46.103+0000][8.302s][gc,phases   ] GC(1) Y: Pause Mark Start (Major) 0.132ms
[2025-07-12T15:28:46.103+0000][8.303s][safepoint   ] Safepoint "ZMarkStartYoungAndOld", Time since last: 793667600 ns, Reaching safepoint: 3605000 ns, Cleanup: 891000 ns, At safepoint: 393000 ns, Total: 4889000 ns
[2025-07-12T15:28:46.175+0000][8.375s][gc,phases   ] GC(1) Y: Concurrent Mark 71.383ms
[2025-07-12T15:28:46.176+0000][8.375s][gc,phases   ] GC(1) Y: Pause Mark End 0.095ms
[2025-07-12T15:28:46.176+0000][8.375s][safepoint   ] Safepoint "ZMarkEndYoung", Time since last: 72080200 ns, Reaching safepoint: 579400 ns, Cleanup: 21700 ns, At safepoint: 156800 ns, Total: 757900 ns
[2025-07-12T15:28:46.176+0000][8.376s][gc,phases   ] GC(1) Y: Concurrent Mark Free 0.009ms
[2025-07-12T15:28:46.176+0000][8.376s][gc,phases   ] GC(1) Y: Concurrent Reset Relocation Set 0.013ms
[2025-07-12T15:28:46.177+0000][8.377s][gc,reloc    ] GC(1) Y: Using tenuring threshold: 1 (Computed)
[2025-07-12T15:28:46.195+0000][8.394s][gc,phases   ] GC(1) Y: Concurrent Select Relocation Set 18.738ms
[2025-07-12T15:28:46.196+0000][8.396s][gc,phases   ] GC(1) Y: Pause Relocate Start 0.674ms
[2025-07-12T15:28:46.196+0000][8.396s][safepoint   ] Safepoint "ZRelocateStartYoung", Time since last: 18982100 ns, Reaching safepoint: 882300 ns, Cleanup: 24100 ns, At safepoint: 791900 ns, Total: 1698300 ns
[2025-07-12T15:28:46.224+0000][8.424s][gc,phases   ] GC(1) Y: Concurrent Relocate 27.500ms
[2025-07-12T15:28:46.224+0000][8.424s][gc,alloc    ] GC(1) Y:                         Mark Start        Mark End      Relocate Start    Relocate End   
[2025-07-12T15:28:46.224+0000][8.424s][gc,alloc    ] GC(1) Y: Allocation Stalls:          0                0                0                0         
[2025-07-12T15:28:46.224+0000][8.424s][gc,load     ] GC(1) Y: Load: 1.78 (89%) / 2.03 (102%) / 1.72 (86%)
[2025-07-12T15:28:46.224+0000][8.424s][gc,mmu      ] GC(1) Y: MMU: 2ms/61.6%, 5ms/84.6%, 10ms/92.3%, 20ms/96.2%, 50ms/98.5%, 100ms/99.1%
[2025-07-12T15:28:46.224+0000][8.424s][gc,marking  ] GC(1) Y: Mark: 1 stripe(s), 2 proactive flush(es), 1 terminate flush(es), 0 completion(s), 0 continuation(s) 
[2025-07-12T15:28:46.224+0000][8.424s][gc,marking  ] GC(1) Y: Mark Stack Usage: 32M
[2025-07-12T15:28:46.224+0000][8.424s][gc,nmethod  ] GC(1) Y: NMethods: 1838 registered, 201 unregistered
[2025-07-12T15:28:46.224+0000][8.424s][gc,metaspace] GC(1) Y: Metaspace: 25M used, 26M committed, 1088M reserved
[2025-07-12T15:28:46.224+0000][8.424s][gc,reloc    ] GC(1) Y:                        Candidates     Selected     In-Place         Size        Empty    Relocated 
[2025-07-12T15:28:46.224+0000][8.424s][gc,reloc    ] GC(1) Y: Small Pages:                   20           11            0          40M           0M           1M 
[2025-07-12T15:28:46.224+0000][8.424s][gc,reloc    ] GC(1) Y: Medium Pages:                   2            0            0          64M          32M           0M 
[2025-07-12T15:28:46.224+0000][8.424s][gc,reloc    ] GC(1) Y: Large Pages:                    0            0            0           0M           0M           0M 
[2025-07-12T15:28:46.224+0000][8.424s][gc,reloc    ] GC(1) Y: Forwarding Usage: 0M
[2025-07-12T15:28:46.224+0000][8.424s][gc,reloc    ] GC(1) Y: Age Table:
[2025-07-12T15:28:46.225+0000][8.424s][gc,reloc    ] GC(1) Y:                    Live             Garbage             Small              Medium             Large        
[2025-07-12T15:28:46.225+0000][8.424s][gc,reloc    ] GC(1) Y: Eden               1M (0%)           50M (5%)          10 / 9              1 / 0              0 / 0        
[2025-07-12T15:28:46.225+0000][8.424s][gc,reloc    ] GC(1) Y: Survivor 1        17M (2%)           34M (3%)          10 / 2              1 / 0              0 / 0        
[2025-07-12T15:28:46.225+0000][8.424s][gc,heap     ] GC(1) Y: Min Capacity: 1024M(100%)
[2025-07-12T15:28:46.225+0000][8.424s][gc,heap     ] GC(1) Y: Max Capacity: 1024M(100%)
[2025-07-12T15:28:46.225+0000][8.424s][gc,heap     ] GC(1) Y: Soft Max Capacity: 1024M(100%)
[2025-07-12T15:28:46.225+0000][8.424s][gc,heap     ] GC(1) Y: Heap Statistics:
[2025-07-12T15:28:46.225+0000][8.424s][gc,heap     ] GC(1) Y:                Mark Start          Mark End        Relocate Start      Relocate End           High               Low         
[2025-07-12T15:28:46.225+0000][8.424s][gc,heap     ] GC(1) Y:  Capacity:     1024M (100%)       1024M (100%)       1024M (100%)       1024M (100%)       1024M (100%)       1024M (100%)   
[2025-07-12T15:28:46.225+0000][8.424s][gc,heap     ] GC(1) Y:      Free:      920M (90%)         918M (90%)         950M (93%)         968M (95%)         970M (95%)         918M (90%)    
[2025-07-12T15:28:46.225+0000][8.424s][gc,heap     ] GC(1) Y:      Used:      104M (10%)         106M (10%)          74M (7%)           56M (5%)          106M (10%)          54M (5%)     
[2025-07-12T15:28:46.225+0000][8.425s][gc,heap     ] GC(1) Y: Young Generation Statistics:
[2025-07-12T15:28:46.225+0000][8.425s][gc,heap     ] GC(1) Y:                Mark Start          Mark End        Relocate Start      Relocate End    
[2025-07-12T15:28:46.225+0000][8.425s][gc,heap     ] GC(1) Y:      Used:      104M (10%)         106M (10%)          28M (3%)            8M (1%)     
[2025-07-12T15:28:46.225+0000][8.425s][gc,heap     ] GC(1) Y:      Live:         -                19M (2%)            2M (0%)            1M (0%)     
[2025-07-12T15:28:46.225+0000][8.425s][gc,heap     ] GC(1) Y:   Garbage:         -                84M (8%)           23M (2%)            0M (0%)     
[2025-07-12T15:28:46.225+0000][8.425s][gc,heap     ] GC(1) Y: Allocated:         -                 2M (0%)            2M (0%)            6M (1%)     
[2025-07-12T15:28:46.225+0000][8.425s][gc,heap     ] GC(1) Y: Reclaimed:         -                  -                61M (6%)           84M (8%)     
[2025-07-12T15:28:46.225+0000][8.425s][gc,heap     ] GC(1) Y:  Promoted:         -                  -                16M (2%)           17M (2%)     
[2025-07-12T15:28:46.225+0000][8.425s][gc,heap     ] GC(1) Y: Compacted:         -                  -                  -                 1M (0%)     
[2025-07-12T15:28:46.225+0000][8.425s][gc,phases   ] GC(1) Y: Young Generation 104M(10%)->56M(5%) 0.127s
[2025-07-12T15:28:46.225+0000][8.425s][gc,phases   ] GC(1) O: Old Generation
[2025-07-12T15:28:46.226+0000][8.426s][gc,phases   ] GC(1) O: Concurrent Mark 1.063ms
[2025-07-12T15:28:46.228+0000][8.427s][gc,phases   ] GC(1) O: Pause Mark End 0.533ms
[2025-07-12T15:28:46.228+0000][8.428s][safepoint   ] Safepoint "ZMarkEndOld", Time since last: 29777200 ns, Reaching safepoint: 863000 ns, Cleanup: 21800 ns, At safepoint: 666300 ns, Total: 1551100 ns
[2025-07-12T15:28:46.228+0000][8.428s][gc,phases   ] GC(1) O: Concurrent Mark Free 0.012ms
[2025-07-12T15:28:46.249+0000][8.449s][gc,phases   ] GC(1) O: Concurrent Process Non-Strong 21.303ms
[2025-07-12T15:28:46.249+0000][8.449s][gc,phases   ] GC(1) O: Concurrent Reset Relocation Set 0.010ms
[2025-07-12T15:28:46.251+0000][8.450s][safepoint   ] Safepoint "CleanClassLoaderDataMetaspaces", Time since last: 21719000 ns, Reaching safepoint: 400900 ns, Cleanup: 460000 ns, At safepoint: 287800 ns, Total: 1148700 ns
[2025-07-12T15:28:46.264+0000][8.464s][gc,phases   ] GC(1) O: Concurrent Select Relocation Set 14.820ms
[2025-07-12T15:28:46.264+0000][8.464s][gc,task     ] GC(1) O: Using 1 Workers for Old Generation
[2025-07-12T15:28:46.372+0000][8.572s][gc,task     ] GC(1) O: Using 1 Workers for Old Generation
[2025-07-12T15:28:46.372+0000][8.572s][gc,phases   ] GC(1) O: Concurrent Remap Roots 108.216ms
[2025-07-12T15:28:46.380+0000][8.580s][gc,phases   ] GC(1) O: Pause Relocate Start 0.338ms
[2025-07-12T15:28:46.380+0000][8.580s][safepoint   ] Safepoint "ZRelocateStartOld", Time since last: 125310100 ns, Reaching safepoint: 3662400 ns, Cleanup: 35000 ns, At safepoint: 546400 ns, Total: 4243800 ns
[2025-07-12T15:28:46.383+0000][8.583s][gc,phases   ] GC(1) O: Concurrent Relocate 0.705ms
[2025-07-12T15:28:46.384+0000][8.584s][gc,alloc    ] GC(1) O:                         Mark Start        Mark End      Relocate Start    Relocate End   
[2025-07-12T15:28:46.386+0000][8.586s][gc,alloc    ] GC(1) O: Allocation Stalls:          0                0                0                0         
[2025-07-12T15:28:46.388+0000][8.588s][gc,load     ] GC(1) O: Load: 1.78 (89%) / 2.03 (102%) / 1.72 (86%)
[2025-07-12T15:28:46.388+0000][8.588s][gc,mmu      ] GC(1) O: MMU: 2ms/61.6%, 5ms/84.6%, 10ms/92.3%, 20ms/96.2%, 50ms/97.6%, 100ms/98.7%
[2025-07-12T15:28:46.389+0000][8.588s][gc,marking  ] GC(1) O: Mark: 1 stripe(s), 1 proactive flush(es), 1 terminate flush(es), 0 completion(s), 0 continuation(s) 
[2025-07-12T15:28:46.389+0000][8.588s][gc,marking  ] GC(1) O: Mark Stack Usage: 0M
[2025-07-12T15:28:46.389+0000][8.588s][gc,nmethod  ] GC(1) O: NMethods: 1804 registered, 244 unregistered
[2025-07-12T15:28:46.389+0000][8.589s][gc,metaspace] GC(1) O: Metaspace: 25M used, 26M committed, 1088M reserved
[2025-07-12T15:28:46.389+0000][8.589s][gc,ref      ] GC(1) O:                       Encountered   Discovered     Enqueued 
[2025-07-12T15:28:46.389+0000][8.589s][gc,ref      ] GC(1) O: Soft References:             3779            0            0 
[2025-07-12T15:28:46.389+0000][8.591s][gc,ref      ] GC(1) O: Weak References:             1725            0            0 
[2025-07-12T15:28:46.391+0000][8.591s][gc,ref      ] GC(1) O: Final References:               0            0            0 
[2025-07-12T15:28:46.391+0000][8.591s][gc,ref      ] GC(1) O: Phantom References:          1153            0            0 
[2025-07-12T15:28:46.391+0000][8.591s][gc,heap     ] GC(1) O: Min Capacity: 1024M(100%)
[2025-07-12T15:28:46.391+0000][8.591s][gc,heap     ] GC(1) O: Max Capacity: 1024M(100%)
[2025-07-12T15:28:46.391+0000][8.591s][gc,heap     ] GC(1) O: Soft Max Capacity: 1024M(100%)
[2025-07-12T15:28:46.391+0000][8.591s][gc,heap     ] GC(1) O: Heap Statistics:
[2025-07-12T15:28:46.391+0000][8.591s][gc,heap     ] GC(1) O:                Mark Start          Mark End        Relocate Start      Relocate End           High               Low         
[2025-07-12T15:28:46.392+0000][8.592s][gc,heap     ] GC(1) O:  Capacity:     1024M (100%)       1024M (100%)       1024M (100%)       1024M (100%)       1024M (100%)       1024M (100%)   
[2025-07-12T15:28:46.392+0000][8.592s][gc,heap     ] GC(1) O:      Free:      920M (90%)         968M (95%)         968M (95%)         968M (95%)         970M (95%)         918M (90%)    
[2025-07-12T15:28:46.394+0000][8.594s][gc,heap     ] GC(1) O:      Used:      104M (10%)          56M (5%)           56M (5%)           56M (5%)          106M (10%)          54M (5%)     
[2025-07-12T15:28:46.394+0000][8.594s][gc,heap     ] GC(1) O: Old Generation Statistics:
[2025-07-12T15:28:46.396+0000][8.596s][gc,heap     ] GC(1) O:                Mark Start          Mark End        Relocate Start      Relocate End    
[2025-07-12T15:28:46.396+0000][8.596s][gc,heap     ] GC(1) O:      Used:        0M (0%)           48M (5%)           48M (5%)           48M (5%)     
[2025-07-12T15:28:46.396+0000][8.596s][gc,heap     ] GC(1) O:      Live:         -                 0M (0%)            0M (0%)            0M (0%)     
[2025-07-12T15:28:46.396+0000][8.596s][gc,heap     ] GC(1) O:   Garbage:         -                 0M (0%)            0M (0%)            0M (0%)     
[2025-07-12T15:28:46.396+0000][8.596s][gc,heap     ] GC(1) O: Allocated:         -                48M (5%)           48M (5%)           48M (5%)     
[2025-07-12T15:28:46.396+0000][8.596s][gc,heap     ] GC(1) O: Reclaimed:         -                  -                 0M (0%)            0M (0%)     
[2025-07-12T15:28:46.396+0000][8.597s][gc,heap     ] GC(1) O: Compacted:         -                  -                  -                 0M (0%)     
[2025-07-12T15:28:46.405+0000][8.605s][gc,phases   ] GC(1) O: Old Generation 56M(5%)->56M(5%) 0.158s
[2025-07-12T15:28:46.405+0000][8.606s][gc          ] GC(1) Major Collection (Warmup) 104M(10%)->56M(5%) 0.308s
[2025-07-12T15:28:47.467+0000][9.667s][safepoint   ] Safepoint "Cleanup", Time since last: 1086788000 ns, Reaching safepoint: 15400 ns, Cleanup: 93000 ns, At safepoint: 33900 ns, Total: 142300 ns
[2025-07-12T15:28:48.562+0000][10.798s][safepoint   ] Safepoint "Cleanup", Time since last: 1130711500 ns, Reaching safepoint: 15800 ns, Cleanup: 97200 ns, At safepoint: 33100 ns, Total: 146100 ns
[2025-07-12T15:28:49.983+0000][12.218s][safepoint   ] Safepoint "Cleanup", Time since last: 1420218600 ns, Reaching safepoint: 218500 ns, Cleanup: 44900 ns, At safepoint: 42800 ns, Total: 306200 ns
[2025-07-12T15:28:50.984+0000][13.219s][safepoint   ] Safepoint "Cleanup", Time since last: 1000587400 ns, Reaching safepoint: 36900 ns, Cleanup: 46700 ns, At safepoint: 62500 ns, Total: 146100 ns
[2025-07-12T15:28:51.006+0000][13.241s][gc          ] GC(2) Major Collection (Metadata GC Threshold)
[2025-07-12T15:28:51.006+0000][13.241s][gc,task     ] GC(2) Using 1 Workers for Young Generation
[2025-07-12T15:28:51.006+0000][13.241s][gc,task     ] GC(2) Using 1 Workers for Old Generation
[2025-07-12T15:28:51.008+0000][13.244s][gc,phases   ] GC(2) Y: Young Generation
[2025-07-12T15:28:51.011+0000][13.246s][gc,phases   ] GC(2) Y: Pause Mark Start (Major) 1.204ms
[2025-07-12T15:28:51.011+0000][13.246s][safepoint   ] Safepoint "ZMarkStartYoungAndOld", Time since last: 25014400 ns, Reaching safepoint: 379600 ns, Cleanup: 19600 ns, At safepoint: 1534300 ns, Total: 1933500 ns
[2025-07-12T15:28:51.336+0000][13.571s][gc,phases   ] GC(2) Y: Concurrent Mark 323.724ms
[2025-07-12T15:28:51.341+0000][13.577s][gc,phases   ] GC(2) Y: Pause Mark End 0.278ms
[2025-07-12T15:28:51.342+0000][13.577s][safepoint   ] Safepoint "ZMarkEndYoung", Time since last: 325718100 ns, Reaching safepoint: 4774100 ns, Cleanup: 63600 ns, At safepoint: 394200 ns, Total: 5231900 ns
[2025-07-12T15:28:51.342+0000][13.577s][gc,phases   ] GC(2) Y: Concurrent Mark Free 0.013ms
[2025-07-12T15:28:51.343+0000][13.579s][gc,phases   ] GC(2) Y: Concurrent Reset Relocation Set 1.295ms
[2025-07-12T15:28:51.348+0000][13.583s][gc,reloc    ] GC(2) Y: Using tenuring threshold: 2 (Computed)
[2025-07-12T15:28:51.350+0000][13.585s][gc,phases   ] GC(2) Y: Concurrent Select Relocation Set 6.675ms
[2025-07-12T15:28:51.354+0000][13.589s][gc,phases   ] GC(2) Y: Pause Relocate Start 0.421ms
[2025-07-12T15:28:51.357+0000][13.592s][safepoint   ] Safepoint "ZRelocateStartYoung", Time since last: 9251700 ns, Reaching safepoint: 2345600 ns, Cleanup: 12800 ns, At safepoint: 2020700 ns, Total: 4379100 ns
[2025-07-12T15:28:51.404+0000][13.639s][gc,phases   ] GC(2) Y: Concurrent Relocate 45.110ms
[2025-07-12T15:28:51.404+0000][13.639s][gc,alloc    ] GC(2) Y:                         Mark Start        Mark End      Relocate Start    Relocate End   
[2025-07-12T15:28:51.404+0000][13.639s][gc,alloc    ] GC(2) Y: Allocation Stalls:          0                0                0                0         
[2025-07-12T15:28:51.404+0000][13.639s][gc,load     ] GC(2) Y: Load: 1.80 (90%) / 2.03 (101%) / 1.72 (86%)
[2025-07-12T15:28:51.404+0000][13.639s][gc,mmu      ] GC(2) Y: MMU: 2ms/39.8%, 5ms/75.9%, 10ms/88.0%, 20ms/94.0%, 50ms/97.6%, 100ms/98.7%
[2025-07-12T15:28:51.404+0000][13.639s][gc,marking  ] GC(2) Y: Mark: 1 stripe(s), 2 proactive flush(es), 1 terminate flush(es), 0 completion(s), 0 continuation(s) 
[2025-07-12T15:28:51.404+0000][13.639s][gc,marking  ] GC(2) Y: Mark Stack Usage: 32M
[2025-07-12T15:28:51.404+0000][13.639s][gc,nmethod  ] GC(2) Y: NMethods: 2803 registered, 0 unregistered
[2025-07-12T15:28:51.404+0000][13.639s][gc,metaspace] GC(2) Y: Metaspace: 43M used, 44M committed, 1088M reserved
[2025-07-12T15:28:51.404+0000][13.639s][gc,reloc    ] GC(2) Y:                        Candidates     Selected     In-Place         Size        Empty    Relocated 
[2025-07-12T15:28:51.404+0000][13.639s][gc,reloc    ] GC(2) Y: Small Pages:                   41           34            0          82M           0M           7M 
[2025-07-12T15:28:51.404+0000][13.639s][gc,reloc    ] GC(2) Y: Medium Pages:                   1            0            0          32M          32M           0M 
[2025-07-12T15:28:51.404+0000][13.639s][gc,reloc    ] GC(2) Y: Large Pages:                    0            0            0           0M           0M           0M 
[2025-07-12T15:28:51.404+0000][13.639s][gc,reloc    ] GC(2) Y: Forwarding Usage: 2M
[2025-07-12T15:28:51.404+0000][13.639s][gc,reloc    ] GC(2) Y: Age Table:
[2025-07-12T15:28:51.404+0000][13.639s][gc,reloc    ] GC(2) Y:                    Live             Garbage             Small              Medium             Large        
[2025-07-12T15:28:51.404+0000][13.639s][gc,reloc    ] GC(2) Y: Eden               9M (1%)          100M (10%)         39 / 34             1 / 0              0 / 0        
[2025-07-12T15:28:51.404+0000][13.639s][gc,reloc    ] GC(2) Y: Survivor 1         1M (0%)            2M (0%)           2 / 0              0 / 0              0 / 0        
[2025-07-12T15:28:51.404+0000][13.639s][gc,heap     ] GC(2) Y: Min Capacity: 1024M(100%)
[2025-07-12T15:28:51.404+0000][13.639s][gc,heap     ] GC(2) Y: Max Capacity: 1024M(100%)
[2025-07-12T15:28:51.404+0000][13.639s][gc,heap     ] GC(2) Y: Soft Max Capacity: 1024M(100%)
[2025-07-12T15:28:51.404+0000][13.639s][gc,heap     ] GC(2) Y: Heap Statistics:
[2025-07-12T15:28:51.404+0000][13.640s][gc,heap     ] GC(2) Y:                Mark Start          Mark End        Relocate Start      Relocate End           High               Low         
[2025-07-12T15:28:51.404+0000][13.640s][gc,heap     ] GC(2) Y:  Capacity:     1024M (100%)       1024M (100%)       1024M (100%)       1024M (100%)       1024M (100%)       1024M (100%)   
[2025-07-12T15:28:51.404+0000][13.640s][gc,heap     ] GC(2) Y:      Free:      862M (84%)         858M (84%)         890M (87%)         954M (93%)         954M (93%)         858M (84%)    
[2025-07-12T15:28:51.404+0000][13.640s][gc,heap     ] GC(2) Y:      Used:      162M (16%)         166M (16%)         134M (13%)          70M (7%)          166M (16%)          70M (7%)     
[2025-07-12T15:28:51.405+0000][13.640s][gc,heap     ] GC(2) Y: Young Generation Statistics:
[2025-07-12T15:28:51.405+0000][13.640s][gc,heap     ] GC(2) Y:                Mark Start          Mark End        Relocate Start      Relocate End    
[2025-07-12T15:28:51.405+0000][13.640s][gc,heap     ] GC(2) Y:      Used:      114M (11%)         118M (12%)          86M (8%)           22M (2%)     
[2025-07-12T15:28:51.405+0000][13.640s][gc,heap     ] GC(2) Y:      Live:         -                11M (1%)           11M (1%)           11M (1%)     
[2025-07-12T15:28:51.405+0000][13.640s][gc,heap     ] GC(2) Y:   Garbage:         -               102M (10%)          70M (7%)            1M (0%)     
[2025-07-12T15:28:51.405+0000][13.640s][gc,heap     ] GC(2) Y: Allocated:         -                 4M (0%)            4M (0%)            9M (1%)     
[2025-07-12T15:28:51.405+0000][13.640s][gc,heap     ] GC(2) Y: Reclaimed:         -                  -                32M (3%)          101M (10%)    
[2025-07-12T15:28:51.405+0000][13.640s][gc,heap     ] GC(2) Y:  Promoted:         -                  -                 0M (0%)            0M (0%)     
[2025-07-12T15:28:51.405+0000][13.640s][gc,heap     ] GC(2) Y: Compacted:         -                  -                  -                 8M (1%)     
[2025-07-12T15:28:51.405+0000][13.640s][gc,phases   ] GC(2) Y: Young Generation 162M(16%)->70M(7%) 0.398s
[2025-07-12T15:28:51.405+0000][13.640s][gc,phases   ] GC(2) O: Old Generation
[2025-07-12T15:28:51.500+0000][13.735s][gc,phases   ] GC(2) O: Concurrent Mark 94.983ms
[2025-07-12T15:28:51.501+0000][13.736s][gc,phases   ] GC(2) O: Pause Mark End 0.311ms
[2025-07-12T15:28:51.501+0000][13.736s][safepoint   ] Safepoint "ZMarkEndOld", Time since last: 145180400 ns, Reaching safepoint: 263400 ns, Cleanup: 44800 ns, At safepoint: 404300 ns, Total: 712500 ns
[2025-07-12T15:28:51.501+0000][13.736s][gc,phases   ] GC(2) O: Concurrent Mark Free 0.012ms
[2025-07-12T15:28:51.529+0000][13.764s][gc,phases   ] GC(2) O: Concurrent Process Non-Strong 27.289ms
[2025-07-12T15:28:51.529+0000][13.764s][gc,phases   ] GC(2) O: Concurrent Reset Relocation Set 0.010ms
[2025-07-12T15:28:51.534+0000][13.769s][safepoint   ] Safepoint "CleanClassLoaderDataMetaspaces", Time since last: 27271900 ns, Reaching safepoint: 4947700 ns, Cleanup: 89400 ns, At safepoint: 639400 ns, Total: 5676500 ns
[2025-07-12T15:28:51.549+0000][13.784s][gc,phases   ] GC(2) O: Concurrent Select Relocation Set 20.288ms
[2025-07-12T15:28:51.549+0000][13.785s][gc,task     ] GC(2) O: Using 1 Workers for Old Generation
[2025-07-12T15:28:51.595+0000][13.830s][gc,task     ] GC(2) O: Using 1 Workers for Old Generation
[2025-07-12T15:28:51.595+0000][13.830s][gc,phases   ] GC(2) O: Concurrent Remap Roots 45.473ms
[2025-07-12T15:28:51.596+0000][13.831s][gc,phases   ] GC(2) O: Pause Relocate Start 0.181ms
[2025-07-12T15:28:51.596+0000][13.831s][safepoint   ] Safepoint "ZRelocateStartOld", Time since last: 61089700 ns, Reaching safepoint: 558700 ns, Cleanup: 41400 ns, At safepoint: 496100 ns, Total: 1096200 ns
[2025-07-12T15:28:51.615+0000][13.851s][gc,phases   ] GC(2) O: Concurrent Relocate 17.406ms
[2025-07-12T15:28:51.616+0000][13.851s][gc,alloc    ] GC(2) O:                         Mark Start        Mark End      Relocate Start    Relocate End   
[2025-07-12T15:28:51.616+0000][13.851s][gc,alloc    ] GC(2) O: Allocation Stalls:          0                0                0                0         
[2025-07-12T15:28:51.616+0000][13.851s][gc,load     ] GC(2) O: Load: 1.80 (90%) / 2.03 (101%) / 1.72 (86%)
[2025-07-12T15:28:51.616+0000][13.851s][gc,mmu      ] GC(2) O: MMU: 2ms/39.8%, 5ms/75.9%, 10ms/88.0%, 20ms/94.0%, 50ms/97.6%, 100ms/98.7%
[2025-07-12T15:28:51.616+0000][13.851s][gc,marking  ] GC(2) O: Mark: 1 stripe(s), 2 proactive flush(es), 1 terminate flush(es), 0 completion(s), 0 continuation(s) 
[2025-07-12T15:28:51.616+0000][13.851s][gc,marking  ] GC(2) O: Mark Stack Usage: 32M
[2025-07-12T15:28:51.616+0000][13.851s][gc,nmethod  ] GC(2) O: NMethods: 2668 registered, 164 unregistered
[2025-07-12T15:28:51.616+0000][13.851s][gc,metaspace] GC(2) O: Metaspace: 44M used, 44M committed, 1088M reserved
[2025-07-12T15:28:51.616+0000][13.851s][gc,ref      ] GC(2) O:                       Encountered   Discovered     Enqueued 
[2025-07-12T15:28:51.616+0000][13.851s][gc,ref      ] GC(2) O: Soft References:             4161            0            0 
[2025-07-12T15:28:51.616+0000][13.851s][gc,ref      ] GC(2) O: Weak References:             2987          855          375 
[2025-07-12T15:28:51.616+0000][13.851s][gc,ref      ] GC(2) O: Final References:              10            0            0 
[2025-07-12T15:28:51.616+0000][13.851s][gc,ref      ] GC(2) O: Phantom References:          1469          546          139 
[2025-07-12T15:28:51.616+0000][13.851s][gc,reloc    ] GC(2) O:                        Candidates     Selected     In-Place         Size        Empty    Relocated 
[2025-07-12T15:28:51.616+0000][13.851s][gc,reloc    ] GC(2) O: Small Pages:                    8            1            0          16M           0M           1M 
[2025-07-12T15:28:51.616+0000][13.851s][gc,reloc    ] GC(2) O: Medium Pages:                   1            0            0          32M           0M           0M 
[2025-07-12T15:28:51.616+0000][13.851s][gc,reloc    ] GC(2) O: Large Pages:                    0            0            0           0M           0M           0M 
[2025-07-12T15:28:51.616+0000][13.851s][gc,reloc    ] GC(2) O: Forwarding Usage: 0M
[2025-07-12T15:28:51.616+0000][13.851s][gc,heap     ] GC(2) O: Min Capacity: 1024M(100%)
[2025-07-12T15:28:51.616+0000][13.851s][gc,heap     ] GC(2) O: Max Capacity: 1024M(100%)
[2025-07-12T15:28:51.616+0000][13.851s][gc,heap     ] GC(2) O: Soft Max Capacity: 1024M(100%)
[2025-07-12T15:28:51.616+0000][13.851s][gc,heap     ] GC(2) O: Heap Statistics:
[2025-07-12T15:28:51.616+0000][13.852s][gc,heap     ] GC(2) O:                Mark Start          Mark End        Relocate Start      Relocate End           High               Low         
[2025-07-12T15:28:51.617+0000][13.852s][gc,heap     ] GC(2) O:  Capacity:     1024M (100%)       1024M (100%)       1024M (100%)       1024M (100%)       1024M (100%)       1024M (100%)   
[2025-07-12T15:28:51.617+0000][13.852s][gc,heap     ] GC(2) O:      Free:      862M (84%)         954M (93%)         950M (93%)         946M (92%)         954M (93%)         858M (84%)    
[2025-07-12T15:28:51.617+0000][13.852s][gc,heap     ] GC(2) O:      Used:      162M (16%)          70M (7%)           74M (7%)           78M (8%)          166M (16%)          70M (7%)     
[2025-07-12T15:28:51.617+0000][13.852s][gc,heap     ] GC(2) O: Old Generation Statistics:
[2025-07-12T15:28:51.617+0000][13.852s][gc,heap     ] GC(2) O:                Mark Start          Mark End        Relocate Start      Relocate End    
[2025-07-12T15:28:51.617+0000][13.852s][gc,heap     ] GC(2) O:      Used:       48M (5%)           48M (5%)           48M (5%)           50M (5%)     
[2025-07-12T15:28:51.617+0000][13.852s][gc,heap     ] GC(2) O:      Live:         -                17M (2%)           17M (2%)           17M (2%)     
[2025-07-12T15:28:51.617+0000][13.852s][gc,heap     ] GC(2) O:   Garbage:         -                30M (3%)           30M (3%)           27M (3%)     
[2025-07-12T15:28:51.617+0000][13.852s][gc,heap     ] GC(2) O: Allocated:         -                 0M (0%)            0M (0%)            4M (0%)     
[2025-07-12T15:28:51.617+0000][13.852s][gc,heap     ] GC(2) O: Reclaimed:         -                  -                 0M (0%)            2M (0%)     
[2025-07-12T15:28:51.617+0000][13.852s][gc,heap     ] GC(2) O: Compacted:         -                  -                  -                 5M (1%)     
[2025-07-12T15:28:51.617+0000][13.852s][gc,phases   ] GC(2) O: Old Generation 70M(7%)->78M(8%) 0.211s
[2025-07-12T15:28:51.617+0000][13.853s][gc          ] GC(2) Major Collection (Metadata GC Threshold) 162M(16%)->78M(8%) 0.612s
[2025-07-12T15:28:52.514+0000][14.749s][safepoint   ] Safepoint "ICBufferFull", Time since last: 915240400 ns, Reaching safepoint: 2512400 ns, Cleanup: 118700 ns, At safepoint: 70100 ns, Total: 2701200 ns
[2025-07-12T15:28:54.039+0000][16.275s][safepoint   ] Safepoint "Cleanup", Time since last: 1525000400 ns, Reaching safepoint: 21600 ns, Cleanup: 127500 ns, At safepoint: 121400 ns, Total: 270500 ns
[2025-07-12T15:28:55.048+0000][17.283s][safepoint   ] Safepoint "Cleanup", Time since last: 1000632200 ns, Reaching safepoint: 7244000 ns, Cleanup: 116400 ns, At safepoint: 108100 ns, Total: 7468500 ns
[2025-07-12T15:28:56.456+0000][18.692s][safepoint   ] Safepoint "Cleanup", Time since last: 1408624600 ns, Reaching safepoint: 26700 ns, Cleanup: 65500 ns, At safepoint: 220700 ns, Total: 312900 ns
[2025-07-12T15:28:57.542+0000][19.778s][safepoint   ] Safepoint "Cleanup", Time since last: 1037395900 ns, Reaching safepoint: 48293000 ns, Cleanup: 48000 ns, At safepoint: 61200 ns, Total: 48402200 ns
[2025-07-12T15:28:57.782+0000][20.017s][safepoint   ] Safepoint "FindDeadlocks", Time since last: 239206200 ns, Reaching safepoint: 38300 ns, Cleanup: 104300 ns, At safepoint: 98600 ns, Total: 241200 ns
[2025-07-12T15:28:57.785+0000][20.020s][safepoint   ] Safepoint "FindDeadlocks", Time since last: 2859900 ns, Reaching safepoint: 31400 ns, Cleanup: 28900 ns, At safepoint: 59200 ns, Total: 119500 ns
[2025-07-12T15:28:58.799+0000][21.034s][safepoint   ] Safepoint "Cleanup", Time since last: 1014047800 ns, Reaching safepoint: 41900 ns, Cleanup: 53100 ns, At safepoint: 43500 ns, Total: 138500 ns
[2025-07-12T15:28:59.421+0000][21.656s][gc          ] GC(3) Major Collection (Warmup)
[2025-07-12T15:28:59.421+0000][21.656s][gc,task     ] GC(3) Using 1 Workers for Young Generation
[2025-07-12T15:28:59.421+0000][21.656s][gc,task     ] GC(3) Using 1 Workers for Old Generation
[2025-07-12T15:28:59.421+0000][21.656s][gc,phases   ] GC(3) Y: Young Generation
[2025-07-12T15:28:59.423+0000][21.658s][gc,phases   ] GC(3) Y: Pause Mark Start (Major) 0.227ms
[2025-07-12T15:28:59.423+0000][21.658s][safepoint   ] Safepoint "ZMarkStartYoungAndOld", Time since last: 621986700 ns, Reaching safepoint: 1797100 ns, Cleanup: 46600 ns, At safepoint: 341200 ns, Total: 2184900 ns
[2025-07-12T15:29:00.022+0000][22.257s][gc,phases   ] GC(3) Y: Concurrent Mark 598.708ms
[2025-07-12T15:29:00.024+0000][22.259s][gc,phases   ] GC(3) Y: Pause Mark End 0.169ms
[2025-07-12T15:29:00.024+0000][22.259s][safepoint   ] Safepoint "ZMarkEndYoung", Time since last: 598979900 ns, Reaching safepoint: 1546500 ns, Cleanup: 67600 ns, At safepoint: 273900 ns, Total: 1888000 ns
[2025-07-12T15:29:00.024+0000][22.259s][gc,phases   ] GC(3) Y: Concurrent Mark Free 0.011ms
[2025-07-12T15:29:00.024+0000][22.259s][gc,phases   ] GC(3) Y: Concurrent Reset Relocation Set 0.019ms
[2025-07-12T15:29:00.027+0000][22.262s][gc,reloc    ] GC(3) Y: Using tenuring threshold: 3 (Computed)
[2025-07-12T15:29:00.037+0000][22.272s][gc,phases   ] GC(3) Y: Concurrent Select Relocation Set 12.510ms
[2025-07-12T15:29:00.041+0000][22.276s][gc,phases   ] GC(3) Y: Pause Relocate Start 0.206ms
[2025-07-12T15:29:00.041+0000][22.276s][safepoint   ] Safepoint "ZRelocateStartYoung", Time since last: 12892000 ns, Reaching safepoint: 3624700 ns, Cleanup: 19000 ns, At safepoint: 342600 ns, Total: 3986300 ns
[2025-07-12T15:29:00.082+0000][22.317s][gc,phases   ] GC(3) Y: Concurrent Relocate 41.039ms
[2025-07-12T15:29:00.082+0000][22.317s][gc,alloc    ] GC(3) Y:                         Mark Start        Mark End      Relocate Start    Relocate End   
[2025-07-12T15:29:00.082+0000][22.317s][gc,alloc    ] GC(3) Y: Allocation Stalls:          0                0                0                0         
[2025-07-12T15:29:00.082+0000][22.317s][gc,load     ] GC(3) Y: Load: 1.59 (80%) / 1.98 (99%) / 1.71 (85%)
[2025-07-12T15:29:00.082+0000][22.317s][gc,mmu      ] GC(3) Y: MMU: 2ms/39.8%, 5ms/75.9%, 10ms/88.0%, 20ms/94.0%, 50ms/97.6%, 100ms/98.7%
[2025-07-12T15:29:00.082+0000][22.317s][gc,marking  ] GC(3) Y: Mark: 1 stripe(s), 2 proactive flush(es), 1 terminate flush(es), 0 completion(s), 0 continuation(s) 
[2025-07-12T15:29:00.082+0000][22.317s][gc,marking  ] GC(3) Y: Mark Stack Usage: 32M
[2025-07-12T15:29:00.082+0000][22.318s][gc,nmethod  ] GC(3) Y: NMethods: 4156 registered, 0 unregistered
[2025-07-12T15:29:00.082+0000][22.318s][gc,metaspace] GC(3) Y: Metaspace: 59M used, 60M committed, 1088M reserved
[2025-07-12T15:29:00.082+0000][22.318s][gc,reloc    ] GC(3) Y:                        Candidates     Selected     In-Place         Size        Empty    Relocated 
[2025-07-12T15:29:00.082+0000][22.318s][gc,reloc    ] GC(3) Y: Small Pages:                   62           47            0         124M           2M           9M 
[2025-07-12T15:29:00.082+0000][22.318s][gc,reloc    ] GC(3) Y: Medium Pages:                   1            0            0          32M          32M           0M 
[2025-07-12T15:29:00.082+0000][22.318s][gc,reloc    ] GC(3) Y: Large Pages:                    0            0            0           0M           0M           0M 
[2025-07-12T15:29:00.082+0000][22.318s][gc,reloc    ] GC(3) Y: Forwarding Usage: 4M
[2025-07-12T15:29:00.082+0000][22.318s][gc,reloc    ] GC(3) Y: Age Table:
[2025-07-12T15:29:00.082+0000][22.318s][gc,reloc    ] GC(3) Y:                    Live             Garbage             Small              Medium             Large        
[2025-07-12T15:29:00.083+0000][22.318s][gc,reloc    ] GC(3) Y: Eden              12M (1%)          125M (12%)         53 / 45             1 / 0              0 / 0        
[2025-07-12T15:29:00.083+0000][22.318s][gc,reloc    ] GC(3) Y: Survivor 1         9M (1%)            4M (0%)           7 / 2              0 / 0              0 / 0        
[2025-07-12T15:29:00.083+0000][22.318s][gc,reloc    ] GC(3) Y: Survivor 2         1M (0%)            2M (0%)           2 / 0              0 / 0              0 / 0        
[2025-07-12T15:29:00.083+0000][22.318s][gc,heap     ] GC(3) Y: Min Capacity: 1024M(100%)
[2025-07-12T15:29:00.083+0000][22.318s][gc,heap     ] GC(3) Y: Max Capacity: 1024M(100%)
[2025-07-12T15:29:00.083+0000][22.318s][gc,heap     ] GC(3) Y: Soft Max Capacity: 1024M(100%)
[2025-07-12T15:29:00.083+0000][22.318s][gc,heap     ] GC(3) Y: Heap Statistics:
[2025-07-12T15:29:00.083+0000][22.318s][gc,heap     ] GC(3) Y:                Mark Start          Mark End        Relocate Start      Relocate End           High               Low         
[2025-07-12T15:29:00.083+0000][22.318s][gc,heap     ] GC(3) Y:  Capacity:     1024M (100%)       1024M (100%)       1024M (100%)       1024M (100%)       1024M (100%)       1024M (100%)   
[2025-07-12T15:29:00.083+0000][22.318s][gc,heap     ] GC(3) Y:      Free:      818M (80%)         808M (79%)         842M (82%)         926M (90%)         926M (90%)         808M (79%)    
[2025-07-12T15:29:00.083+0000][22.318s][gc,heap     ] GC(3) Y:      Used:      206M (20%)         216M (21%)         182M (18%)          98M (10%)         216M (21%)          98M (10%)    
[2025-07-12T15:29:00.083+0000][22.318s][gc,heap     ] GC(3) Y: Young Generation Statistics:
[2025-07-12T15:29:00.083+0000][22.318s][gc,heap     ] GC(3) Y:                Mark Start          Mark End        Relocate Start      Relocate End    
[2025-07-12T15:29:00.083+0000][22.318s][gc,heap     ] GC(3) Y:      Used:      156M (15%)         166M (16%)         132M (13%)          48M (5%)     
[2025-07-12T15:29:00.083+0000][22.318s][gc,heap     ] GC(3) Y:      Live:         -                23M (2%)           23M (2%)           23M (2%)     
[2025-07-12T15:29:00.083+0000][22.318s][gc,heap     ] GC(3) Y:   Garbage:         -               132M (13%)          98M (10%)           2M (0%)     
[2025-07-12T15:29:00.083+0000][22.318s][gc,heap     ] GC(3) Y: Allocated:         -                10M (1%)           10M (1%)           22M (2%)     
[2025-07-12T15:29:00.083+0000][22.318s][gc,heap     ] GC(3) Y: Reclaimed:         -                  -                34M (3%)          130M (13%)    
[2025-07-12T15:29:00.083+0000][22.318s][gc,heap     ] GC(3) Y:  Promoted:         -                  -                 0M (0%)            0M (0%)     
[2025-07-12T15:29:00.083+0000][22.318s][gc,heap     ] GC(3) Y: Compacted:         -                  -                  -                11M (1%)     
[2025-07-12T15:29:00.083+0000][22.318s][gc,phases   ] GC(3) Y: Young Generation 206M(20%)->98M(10%) 0.661s
[2025-07-12T15:29:00.083+0000][22.318s][gc,phases   ] GC(3) O: Old Generation
[2025-07-12T15:29:00.235+0000][22.471s][gc,phases   ] GC(3) O: Concurrent Mark 152.183ms
[2025-07-12T15:29:00.243+0000][22.478s][gc,phases   ] GC(3) O: Pause Mark End 5.618ms
[2025-07-12T15:29:00.243+0000][22.478s][safepoint   ] Safepoint "ZMarkEndOld", Time since last: 194644800 ns, Reaching safepoint: 1800400 ns, Cleanup: 150500 ns, At safepoint: 5754400 ns, Total: 7705300 ns
[2025-07-12T15:29:00.244+0000][22.479s][gc,phases   ] GC(3) O: Concurrent Mark Free 0.011ms
[2025-07-12T15:29:00.347+0000][22.582s][safepoint   ] Safepoint "CleanClassLoaderDataMetaspaces", Time since last: 101600600 ns, Reaching safepoint: 53800 ns, Cleanup: 97300 ns, At safepoint: 1626900 ns, Total: 1778000 ns
[2025-07-12T15:29:00.348+0000][22.583s][gc,phases   ] GC(3) O: Concurrent Process Non-Strong 104.138ms
[2025-07-12T15:29:00.348+0000][22.583s][gc,phases   ] GC(3) O: Concurrent Reset Relocation Set 0.012ms
[2025-07-12T15:29:00.351+0000][22.586s][gc,phases   ] GC(3) O: Concurrent Select Relocation Set 2.838ms
[2025-07-12T15:29:00.351+0000][22.587s][gc,task     ] GC(3) O: Using 1 Workers for Old Generation
[2025-07-12T15:29:00.513+0000][22.748s][gc,task     ] GC(3) O: Using 1 Workers for Old Generation
[2025-07-12T15:29:00.513+0000][22.748s][gc,phases   ] GC(3) O: Concurrent Remap Roots 161.755ms
[2025-07-12T15:29:00.515+0000][22.751s][gc,phases   ] GC(3) O: Pause Relocate Start 0.159ms
[2025-07-12T15:29:00.516+0000][22.751s][safepoint   ] Safepoint "ZRelocateStartOld", Time since last: 168028200 ns, Reaching safepoint: 51900 ns, Cleanup: 605500 ns, At safepoint: 266000 ns, Total: 923400 ns
[2025-07-12T15:29:00.570+0000][22.805s][gc,phases   ] GC(3) O: Concurrent Relocate 54.446ms
[2025-07-12T15:29:00.570+0000][22.806s][gc,alloc    ] GC(3) O:                         Mark Start        Mark End      Relocate Start    Relocate End   
[2025-07-12T15:29:00.570+0000][22.806s][gc,alloc    ] GC(3) O: Allocation Stalls:          0                0                0                0         
[2025-07-12T15:29:00.570+0000][22.806s][gc,load     ] GC(3) O: Load: 1.59 (80%) / 1.98 (99%) / 1.71 (85%)
[2025-07-12T15:29:00.570+0000][22.806s][gc,mmu      ] GC(3) O: MMU: 2ms/0.0%, 5ms/0.0%, 10ms/43.8%, 20ms/71.9%, 50ms/88.8%, 100ms/94.4%
[2025-07-12T15:29:00.570+0000][22.806s][gc,marking  ] GC(3) O: Mark: 1 stripe(s), 2 proactive flush(es), 1 terminate flush(es), 0 completion(s), 0 continuation(s) 
[2025-07-12T15:29:00.570+0000][22.806s][gc,marking  ] GC(3) O: Mark Stack Usage: 32M
[2025-07-12T15:29:00.570+0000][22.806s][gc,nmethod  ] GC(3) O: NMethods: 3948 registered, 229 unregistered
[2025-07-12T15:29:00.570+0000][22.806s][gc,metaspace] GC(3) O: Metaspace: 59M used, 60M committed, 1088M reserved
[2025-07-12T15:29:00.570+0000][22.806s][gc,ref      ] GC(3) O:                       Encountered   Discovered     Enqueued 
[2025-07-12T15:29:00.570+0000][22.806s][gc,ref      ] GC(3) O: Soft References:             4699            0            0 
[2025-07-12T15:29:00.571+0000][22.806s][gc,ref      ] GC(3) O: Weak References:             4375          642            7 
[2025-07-12T15:29:00.571+0000][22.806s][gc,ref      ] GC(3) O: Final References:              15            0            0 
[2025-07-12T15:29:00.571+0000][22.806s][gc,ref      ] GC(3) O: Phantom References:          1696          341            0 
[2025-07-12T15:29:00.571+0000][22.806s][gc,reloc    ] GC(3) O:                        Candidates     Selected     In-Place         Size        Empty    Relocated 
[2025-07-12T15:29:00.571+0000][22.806s][gc,reloc    ] GC(3) O: Small Pages:                    9            2            0          18M           0M           1M 
[2025-07-12T15:29:00.571+0000][22.806s][gc,reloc    ] GC(3) O: Medium Pages:                   1            0            0          32M           0M           0M 
[2025-07-12T15:29:00.571+0000][22.806s][gc,reloc    ] GC(3) O: Large Pages:                    0            0            0           0M           0M           0M 
[2025-07-12T15:29:00.571+0000][22.806s][gc,reloc    ] GC(3) O: Forwarding Usage: 0M
[2025-07-12T15:29:00.571+0000][22.806s][gc,heap     ] GC(3) O: Min Capacity: 1024M(100%)
[2025-07-12T15:29:00.571+0000][22.806s][gc,heap     ] GC(3) O: Max Capacity: 1024M(100%)
[2025-07-12T15:29:00.571+0000][22.806s][gc,heap     ] GC(3) O: Soft Max Capacity: 1024M(100%)
[2025-07-12T15:29:00.571+0000][22.806s][gc,heap     ] GC(3) O: Heap Statistics:
[2025-07-12T15:29:00.571+0000][22.806s][gc,heap     ] GC(3) O:                Mark Start          Mark End        Relocate Start      Relocate End           High               Low         
[2025-07-12T15:29:00.571+0000][22.806s][gc,heap     ] GC(3) O:  Capacity:     1024M (100%)       1024M (100%)       1024M (100%)       1024M (100%)       1024M (100%)       1024M (100%)   
[2025-07-12T15:29:00.571+0000][22.806s][gc,heap     ] GC(3) O:      Free:      818M (80%)         926M (90%)         924M (90%)         926M (90%)         926M (90%)         808M (79%)    
[2025-07-12T15:29:00.571+0000][22.806s][gc,heap     ] GC(3) O:      Used:      206M (20%)          98M (10%)         100M (10%)          98M (10%)         216M (21%)          98M (10%)    
[2025-07-12T15:29:00.571+0000][22.806s][gc,heap     ] GC(3) O: Old Generation Statistics:
[2025-07-12T15:29:00.571+0000][22.806s][gc,heap     ] GC(3) O:                Mark Start          Mark End        Relocate Start      Relocate End    
[2025-07-12T15:29:00.571+0000][22.806s][gc,heap     ] GC(3) O:      Used:       50M (5%)           50M (5%)           50M (5%)           48M (5%)     
[2025-07-12T15:29:00.571+0000][22.806s][gc,heap     ] GC(3) O:      Live:         -                17M (2%)           17M (2%)           17M (2%)     
[2025-07-12T15:29:00.571+0000][22.806s][gc,heap     ] GC(3) O:   Garbage:         -                32M (3%)           32M (3%)           28M (3%)     
[2025-07-12T15:29:00.571+0000][22.806s][gc,heap     ] GC(3) O: Allocated:         -                 0M (0%)            0M (0%)            2M (0%)     
[2025-07-12T15:29:00.571+0000][22.806s][gc,heap     ] GC(3) O: Reclaimed:         -                  -                 0M (0%)            4M (0%)     
[2025-07-12T15:29:00.572+0000][22.807s][gc,heap     ] GC(3) O: Compacted:         -                  -                  -                 1M (0%)     
[2025-07-12T15:29:00.572+0000][22.807s][gc,phases   ] GC(3) O: Old Generation 98M(10%)->98M(10%) 0.487s
[2025-07-12T15:29:00.572+0000][22.807s][gc          ] GC(3) Major Collection (Warmup) 206M(20%)->98M(10%) 1.151s
[2025-07-12T15:29:01.516+0000][23.751s][safepoint   ] Safepoint "Cleanup", Time since last: 1000515200 ns, Reaching safepoint: 43800 ns, Cleanup: 102800 ns, At safepoint: 63800 ns, Total: 210400 ns
[2025-07-12T15:29:02.674+0000][24.910s][safepoint   ] Safepoint "ICBufferFull", Time since last: 1158055400 ns, Reaching safepoint: 75000 ns, Cleanup: 96900 ns, At safepoint: 30400 ns, Total: 202300 ns
[2025-07-12T15:29:03.594+0000][25.830s][safepoint   ] Safepoint "ICBufferFull", Time since last: 919832100 ns, Reaching safepoint: 24100 ns, Cleanup: 82500 ns, At safepoint: 62200 ns, Total: 168800 ns
[2025-07-12T15:29:04.063+0000][26.298s][safepoint   ] Safepoint "ICBufferFull", Time since last: 467858200 ns, Reaching safepoint: 35500 ns, Cleanup: 203900 ns, At safepoint: 41100 ns, Total: 280500 ns
[2025-07-12T15:29:04.287+0000][26.522s][safepoint   ] Safepoint "ICBufferFull", Time since last: 223768700 ns, Reaching safepoint: 35600 ns, Cleanup: 110000 ns, At safepoint: 75900 ns, Total: 221500 ns
[2025-07-12T15:29:04.486+0000][26.722s][gc          ] GC(4) Major Collection (Warmup)
[2025-07-12T15:29:04.487+0000][26.722s][gc,task     ] GC(4) Using 1 Workers for Young Generation
[2025-07-12T15:29:04.487+0000][26.722s][gc,task     ] GC(4) Using 1 Workers for Old Generation
[2025-07-12T15:29:04.487+0000][26.722s][gc,phases   ] GC(4) Y: Young Generation
[2025-07-12T15:29:04.493+0000][26.728s][gc,phases   ] GC(4) Y: Pause Mark Start (Major) 2.004ms
[2025-07-12T15:29:04.494+0000][26.731s][safepoint   ] Safepoint "ZMarkStartYoungAndOld", Time since last: 200951600 ns, Reaching safepoint: 2853700 ns, Cleanup: 41400 ns, At safepoint: 3494100 ns, Total: 6389200 ns
[2025-07-12T15:29:04.753+0000][26.988s][gc,phases   ] GC(4) Y: Concurrent Mark 257.291ms
[2025-07-12T15:29:04.757+0000][26.992s][gc,phases   ] GC(4) Y: Pause Mark End 0.958ms
[2025-07-12T15:29:04.763+0000][26.999s][safepoint   ] Safepoint "ZMarkEndYoung", Time since last: 259853600 ns, Reaching safepoint: 1858700 ns, Cleanup: 190200 ns, At safepoint: 7610600 ns, Total: 9659500 ns
[2025-07-12T15:29:04.765+0000][27.001s][gc,phases   ] GC(4) Y: Concurrent Mark Free 0.151ms
[2025-07-12T15:29:04.766+0000][27.001s][gc,phases   ] GC(4) Y: Concurrent Reset Relocation Set 0.169ms
[2025-07-12T15:29:04.841+0000][27.076s][gc,reloc    ] GC(4) Y: Using tenuring threshold: 4 (Computed)
[2025-07-12T15:29:04.888+0000][27.123s][gc,phases   ] GC(4) Y: Concurrent Select Relocation Set 121.646ms
[2025-07-12T15:29:04.895+0000][27.130s][gc,phases   ] GC(4) Y: Pause Relocate Start 0.135ms
[2025-07-12T15:29:04.896+0000][27.131s][safepoint   ] Safepoint "ZRelocateStartYoung", Time since last: 128926500 ns, Reaching safepoint: 2470200 ns, Cleanup: 29800 ns, At safepoint: 710900 ns, Total: 3210900 ns
[2025-07-12T15:29:05.046+0000][27.281s][gc,phases   ] GC(4) Y: Concurrent Relocate 140.716ms
[2025-07-12T15:29:05.046+0000][27.281s][gc,alloc    ] GC(4) Y:                         Mark Start        Mark End      Relocate Start    Relocate End   
[2025-07-12T15:29:05.046+0000][27.281s][gc,alloc    ] GC(4) Y: Allocation Stalls:          0                0                0                0         
[2025-07-12T15:29:05.046+0000][27.281s][gc,load     ] GC(4) Y: Load: 1.71 (85%) / 2.00 (100%) / 1.71 (86%)
[2025-07-12T15:29:05.046+0000][27.281s][gc,mmu      ] GC(4) Y: MMU: 2ms/0.0%, 5ms/0.0%, 10ms/43.8%, 20ms/71.9%, 50ms/88.8%, 100ms/94.4%
[2025-07-12T15:29:05.046+0000][27.281s][gc,marking  ] GC(4) Y: Mark: 1 stripe(s), 2 proactive flush(es), 1 terminate flush(es), 0 completion(s), 0 continuation(s) 
[2025-07-12T15:29:05.046+0000][27.281s][gc,marking  ] GC(4) Y: Mark Stack Usage: 32M
[2025-07-12T15:29:05.046+0000][27.281s][gc,nmethod  ] GC(4) Y: NMethods: 5396 registered, 229 unregistered
[2025-07-12T15:29:05.046+0000][27.282s][gc,metaspace] GC(4) Y: Metaspace: 66M used, 66M committed, 1088M reserved
[2025-07-12T15:29:05.046+0000][27.282s][gc,reloc    ] GC(4) Y:                        Candidates     Selected     In-Place         Size        Empty    Relocated 
[2025-07-12T15:29:05.046+0000][27.282s][gc,reloc    ] GC(4) Y: Small Pages:                  114           89            0         228M           2M          16M 
[2025-07-12T15:29:05.046+0000][27.282s][gc,reloc    ] GC(4) Y: Medium Pages:                   1            0            0          32M          32M           0M 
[2025-07-12T15:29:05.046+0000][27.282s][gc,reloc    ] GC(4) Y: Large Pages:                    0            0            0           0M           0M           0M 
[2025-07-12T15:29:05.047+0000][27.282s][gc,reloc    ] GC(4) Y: Forwarding Usage: 9M
[2025-07-12T15:29:05.047+0000][27.282s][gc,reloc    ] GC(4) Y: Age Table:
[2025-07-12T15:29:05.047+0000][27.283s][gc,reloc    ] GC(4) Y:                    Live             Garbage             Small              Medium             Large        
[2025-07-12T15:29:05.048+0000][27.283s][gc,reloc    ] GC(4) Y: Eden              19M (2%)          206M (20%)         97 / 86             1 / 0              0 / 0        
[2025-07-12T15:29:05.048+0000][27.284s][gc,reloc    ] GC(4) Y: Survivor 1        12M (1%)            5M (1%)           9 / 1              0 / 0              0 / 0        
[2025-07-12T15:29:05.048+0000][27.284s][gc,reloc    ] GC(4) Y: Survivor 2         9M (1%)            2M (0%)           6 / 1              0 / 0              0 / 0        
[2025-07-12T15:29:05.048+0000][27.284s][gc,reloc    ] GC(4) Y: Survivor 3         1M (0%)            2M (0%)           2 / 1              0 / 0              0 / 0        
[2025-07-12T15:29:05.048+0000][27.284s][gc,heap     ] GC(4) Y: Min Capacity: 1024M(100%)
[2025-07-12T15:29:05.048+0000][27.284s][gc,heap     ] GC(4) Y: Max Capacity: 1024M(100%)
[2025-07-12T15:29:05.048+0000][27.284s][gc,heap     ] GC(4) Y: Soft Max Capacity: 1024M(100%)
[2025-07-12T15:29:05.048+0000][27.284s][gc,heap     ] GC(4) Y: Heap Statistics:
[2025-07-12T15:29:05.048+0000][27.284s][gc,heap     ] GC(4) Y:                Mark Start          Mark End        Relocate Start      Relocate End           High               Low         
[2025-07-12T15:29:05.048+0000][27.284s][gc,heap     ] GC(4) Y:  Capacity:     1024M (100%)       1024M (100%)       1024M (100%)       1024M (100%)       1024M (100%)       1024M (100%)   
[2025-07-12T15:29:05.048+0000][27.284s][gc,heap     ] GC(4) Y:      Free:      716M (70%)         682M (67%)         714M (70%)         880M (86%)         880M (86%)         682M (67%)    
[2025-07-12T15:29:05.049+0000][27.284s][gc,heap     ] GC(4) Y:      Used:      308M (30%)         342M (33%)         310M (30%)         144M (14%)         342M (33%)         144M (14%)    
[2025-07-12T15:29:05.049+0000][27.284s][gc,heap     ] GC(4) Y: Young Generation Statistics:
[2025-07-12T15:29:05.049+0000][27.284s][gc,heap     ] GC(4) Y:                Mark Start          Mark End        Relocate Start      Relocate End    
[2025-07-12T15:29:05.049+0000][27.284s][gc,heap     ] GC(4) Y:      Used:      260M (25%)         294M (29%)         262M (26%)          96M (9%)     
[2025-07-12T15:29:05.049+0000][27.284s][gc,heap     ] GC(4) Y:      Live:         -                42M (4%)           42M (4%)           42M (4%)     
[2025-07-12T15:29:05.049+0000][27.284s][gc,heap     ] GC(4) Y:   Garbage:         -               217M (21%)         183M (18%)           1M (0%)     
[2025-07-12T15:29:05.049+0000][27.284s][gc,heap     ] GC(4) Y: Allocated:         -                34M (3%)           36M (4%)           51M (5%)     
[2025-07-12T15:29:05.049+0000][27.284s][gc,heap     ] GC(4) Y: Reclaimed:         -                  -                34M (3%)          215M (21%)    
[2025-07-12T15:29:05.049+0000][27.284s][gc,heap     ] GC(4) Y:  Promoted:         -                  -                 0M (0%)            0M (0%)     
[2025-07-12T15:29:05.049+0000][27.284s][gc,heap     ] GC(4) Y: Compacted:         -                  -                  -                22M (2%)     
[2025-07-12T15:29:05.049+0000][27.284s][gc,phases   ] GC(4) Y: Young Generation 308M(30%)->144M(14%) 0.559s
[2025-07-12T15:29:05.049+0000][27.284s][gc,phases   ] GC(4) O: Old Generation
[2025-07-12T15:29:05.141+0000][27.376s][gc,phases   ] GC(4) O: Concurrent Mark 92.093ms
[2025-07-12T15:29:05.142+0000][27.377s][gc,phases   ] GC(4) O: Pause Mark End 0.170ms
[2025-07-12T15:29:05.142+0000][27.377s][safepoint   ] Safepoint "ZMarkEndOld", Time since last: 245536800 ns, Reaching safepoint: 280900 ns, Cleanup: 43100 ns, At safepoint: 338300 ns, Total: 662300 ns
[2025-07-12T15:29:05.143+0000][27.378s][gc,phases   ] GC(4) O: Concurrent Mark Free 0.016ms
[2025-07-12T15:29:05.276+0000][27.512s][gc,phases   ] GC(4) O: Concurrent Process Non-Strong 133.227ms
[2025-07-12T15:29:05.276+0000][27.512s][gc,phases   ] GC(4) O: Concurrent Reset Relocation Set 0.010ms
[2025-07-12T15:29:05.278+0000][27.513s][safepoint   ] Safepoint "CleanClassLoaderDataMetaspaces", Time since last: 134506100 ns, Reaching safepoint: 834300 ns, Cleanup: 680100 ns, At safepoint: 396600 ns, Total: 1911000 ns
[2025-07-12T15:29:05.285+0000][27.520s][gc,phases   ] GC(4) O: Concurrent Select Relocation Set 8.352ms
[2025-07-12T15:29:05.285+0000][27.521s][gc,task     ] GC(4) O: Using 1 Workers for Old Generation
[2025-07-12T15:29:05.361+0000][27.596s][gc,task     ] GC(4) O: Using 1 Workers for Old Generation
[2025-07-12T15:29:05.361+0000][27.596s][gc,phases   ] GC(4) O: Concurrent Remap Roots 75.473ms
[2025-07-12T15:29:05.362+0000][27.597s][gc,phases   ] GC(4) O: Pause Relocate Start 0.247ms
[2025-07-12T15:29:05.362+0000][27.597s][safepoint   ] Safepoint "ZRelocateStartOld", Time since last: 82760200 ns, Reaching safepoint: 486400 ns, Cleanup: 32700 ns, At safepoint: 319600 ns, Total: 838700 ns
[2025-07-12T15:29:05.368+0000][27.603s][gc,phases   ] GC(4) O: Concurrent Relocate 2.267ms
[2025-07-12T15:29:05.368+0000][27.603s][gc,alloc    ] GC(4) O:                         Mark Start        Mark End      Relocate Start    Relocate End   
[2025-07-12T15:29:05.368+0000][27.603s][gc,alloc    ] GC(4) O: Allocation Stalls:          0                0                0                0         
[2025-07-12T15:29:05.368+0000][27.603s][gc,load     ] GC(4) O: Load: 1.71 (85%) / 2.00 (100%) / 1.71 (86%)
[2025-07-12T15:29:05.368+0000][27.603s][gc,mmu      ] GC(4) O: MMU: 2ms/0.0%, 5ms/0.0%, 10ms/43.8%, 20ms/71.9%, 50ms/88.8%, 100ms/94.4%
[2025-07-12T15:29:05.368+0000][27.603s][gc,marking  ] GC(4) O: Mark: 1 stripe(s), 2 proactive flush(es), 1 terminate flush(es), 0 completion(s), 0 continuation(s) 
[2025-07-12T15:29:05.368+0000][27.603s][gc,marking  ] GC(4) O: Mark Stack Usage: 32M
[2025-07-12T15:29:05.368+0000][27.603s][gc,nmethod  ] GC(4) O: NMethods: 5138 registered, 527 unregistered
[2025-07-12T15:29:05.368+0000][27.603s][gc,metaspace] GC(4) O: Metaspace: 66M used, 66M committed, 1088M reserved
[2025-07-12T15:29:05.368+0000][27.603s][gc,ref      ] GC(4) O:                       Encountered   Discovered     Enqueued 
[2025-07-12T15:29:05.368+0000][27.603s][gc,ref      ] GC(4) O: Soft References:             5056            0            0 
[2025-07-12T15:29:05.368+0000][27.603s][gc,ref      ] GC(4) O: Weak References:             6186          499            0 
[2025-07-12T15:29:05.368+0000][27.603s][gc,ref      ] GC(4) O: Final References:              15            0            0 
[2025-07-12T15:29:05.368+0000][27.603s][gc,ref      ] GC(4) O: Phantom References:          1845          360            0 
[2025-07-12T15:29:05.368+0000][27.604s][gc,reloc    ] GC(4) O:                        Candidates     Selected     In-Place         Size        Empty    Relocated 
[2025-07-12T15:29:05.368+0000][27.604s][gc,reloc    ] GC(4) O: Small Pages:                    8            1            0          16M           0M           0M 
[2025-07-12T15:29:05.368+0000][27.604s][gc,reloc    ] GC(4) O: Medium Pages:                   1            0            0          32M           0M           0M 
[2025-07-12T15:29:05.368+0000][27.604s][gc,reloc    ] GC(4) O: Large Pages:                    0            0            0           0M           0M           0M 
[2025-07-12T15:29:05.368+0000][27.604s][gc,reloc    ] GC(4) O: Forwarding Usage: 0M
[2025-07-12T15:29:05.368+0000][27.604s][gc,heap     ] GC(4) O: Min Capacity: 1024M(100%)
[2025-07-12T15:29:05.368+0000][27.604s][gc,heap     ] GC(4) O: Max Capacity: 1024M(100%)
[2025-07-12T15:29:05.368+0000][27.604s][gc,heap     ] GC(4) O: Soft Max Capacity: 1024M(100%)
[2025-07-12T15:29:05.368+0000][27.604s][gc,heap     ] GC(4) O: Heap Statistics:
[2025-07-12T15:29:05.368+0000][27.604s][gc,heap     ] GC(4) O:                Mark Start          Mark End        Relocate Start      Relocate End           High               Low         
[2025-07-12T15:29:05.368+0000][27.604s][gc,heap     ] GC(4) O:  Capacity:     1024M (100%)       1024M (100%)       1024M (100%)       1024M (100%)       1024M (100%)       1024M (100%)   
[2025-07-12T15:29:05.369+0000][27.604s][gc,heap     ] GC(4) O:      Free:      716M (70%)         876M (86%)         848M (83%)         846M (83%)         880M (86%)         682M (67%)    
[2025-07-12T15:29:05.369+0000][27.604s][gc,heap     ] GC(4) O:      Used:      308M (30%)         148M (14%)         176M (17%)         178M (17%)         342M (33%)         144M (14%)    
[2025-07-12T15:29:05.369+0000][27.604s][gc,heap     ] GC(4) O: Old Generation Statistics:
[2025-07-12T15:29:05.369+0000][27.604s][gc,heap     ] GC(4) O:                Mark Start          Mark End        Relocate Start      Relocate End    
[2025-07-12T15:29:05.369+0000][27.604s][gc,heap     ] GC(4) O:      Used:       48M (5%)           48M (5%)           48M (5%)           50M (5%)     
[2025-07-12T15:29:05.369+0000][27.604s][gc,heap     ] GC(4) O:      Live:         -                17M (2%)           17M (2%)           17M (2%)     
[2025-07-12T15:29:05.369+0000][27.604s][gc,heap     ] GC(4) O:   Garbage:         -                30M (3%)           30M (3%)           28M (3%)     
[2025-07-12T15:29:05.369+0000][27.604s][gc,heap     ] GC(4) O: Allocated:         -                 0M (0%)            0M (0%)            4M (0%)     
[2025-07-12T15:29:05.369+0000][27.604s][gc,heap     ] GC(4) O: Reclaimed:         -                  -                 0M (0%)            2M (0%)     
[2025-07-12T15:29:05.369+0000][27.604s][gc,heap     ] GC(4) O: Compacted:         -                  -                  -                 1M (0%)     
[2025-07-12T15:29:05.369+0000][27.604s][gc,phases   ] GC(4) O: Old Generation 144M(14%)->178M(17%) 0.319s
[2025-07-12T15:29:05.369+0000][27.604s][gc          ] GC(4) Major Collection (Warmup) 308M(30%)->178M(17%) 0.882s
[2025-07-12T15:29:06.369+0000][28.604s][safepoint   ] Safepoint "Cleanup", Time since last: 1004894700 ns, Reaching safepoint: 1454700 ns, Cleanup: 309800 ns, At safepoint: 70600 ns, Total: 1835100 ns
[2025-07-12T15:29:07.627+0000][29.862s][safepoint   ] Safepoint "ICBufferFull", Time since last: 1257896200 ns, Reaching safepoint: 45000 ns, Cleanup: 170100 ns, At safepoint: 75700 ns, Total: 290800 ns
[2025-07-12T15:29:09.003+0000][31.238s][safepoint   ] Safepoint "Cleanup", Time since last: 1370274500 ns, Reaching safepoint: 5472000 ns, Cleanup: 113700 ns, At safepoint: 104000 ns, Total: 5689700 ns
[2025-07-12T15:29:10.004+0000][32.239s][safepoint   ] Safepoint "Cleanup", Time since last: 1000386100 ns, Reaching safepoint: 426900 ns, Cleanup: 39600 ns, At safepoint: 61900 ns, Total: 528400 ns
[2025-07-12T15:29:11.112+0000][33.347s][safepoint   ] Safepoint "Cleanup", Time since last: 1064725900 ns, Reaching safepoint: 42477600 ns, Cleanup: 40800 ns, At safepoint: 1041100 ns, Total: 43559500 ns
[2025-07-12T15:29:12.693+0000][34.929s][safepoint   ] Safepoint "Cleanup", Time since last: 1581465400 ns, Reaching safepoint: 26700 ns, Cleanup: 44500 ns, At safepoint: 39200 ns, Total: 110400 ns
[2025-07-12T15:29:14.307+0000][36.542s][safepoint   ] Safepoint "Cleanup", Time since last: 1613394800 ns, Reaching safepoint: 33900 ns, Cleanup: 54100 ns, At safepoint: 64700 ns, Total: 152700 ns
[2025-07-12T15:29:16.193+0000][38.428s][safepoint   ] Safepoint "Cleanup", Time since last: 1847410500 ns, Reaching safepoint: 24836400 ns, Cleanup: 12402100 ns, At safepoint: 1241500 ns, Total: 38480000 ns
[2025-07-12T15:29:17.201+0000][39.436s][safepoint   ] Safepoint "Cleanup", Time since last: 1008172900 ns, Reaching safepoint: 32800 ns, Cleanup: 31200 ns, At safepoint: 60500 ns, Total: 124500 ns
[2025-07-12T15:29:19.126+0000][41.398s][safepoint   ] Safepoint "Cleanup", Time since last: 1952687600 ns, Reaching safepoint: 8554900 ns, Cleanup: 204000 ns, At safepoint: 114800 ns, Total: 8873700 ns
[2025-07-12T15:29:20.127+0000][42.399s][safepoint   ] Safepoint "Cleanup", Time since last: 1000362700 ns, Reaching safepoint: 41700 ns, Cleanup: 63300 ns, At safepoint: 117700 ns, Total: 222700 ns
[2025-07-12T15:29:22.186+0000][44.457s][safepoint   ] Safepoint "Cleanup", Time since last: 2058478100 ns, Reaching safepoint: 111800 ns, Cleanup: 69300 ns, At safepoint: 80500 ns, Total: 261600 ns
[2025-07-12T15:29:23.189+0000][45.460s][safepoint   ] Safepoint "Cleanup", Time since last: 1002743600 ns, Reaching safepoint: 129800 ns, Cleanup: 37900 ns, At safepoint: 57100 ns, Total: 224800 ns
[2025-07-12T15:29:24.234+0000][46.506s][safepoint   ] Safepoint "Cleanup", Time since last: 1045207200 ns, Reaching safepoint: 124500 ns, Cleanup: 32800 ns, At safepoint: 38200 ns, Total: 195500 ns
[2025-07-12T15:29:26.303+0000][48.575s][safepoint   ] Safepoint "Cleanup", Time since last: 2069195900 ns, Reaching safepoint: 44100 ns, Cleanup: 27400 ns, At safepoint: 38800 ns, Total: 110300 ns
[2025-07-12T15:29:34.330+0000][56.602s][safepoint   ] Safepoint "Cleanup", Time since last: 8026107100 ns, Reaching safepoint: 238300 ns, Cleanup: 130600 ns, At safepoint: 173700 ns, Total: 542600 ns
[2025-07-12T15:29:37.789+0000][60.060s][safepoint   ] Safepoint "Cleanup", Time since last: 3458747700 ns, Reaching safepoint: 26000 ns, Cleanup: 27500 ns, At safepoint: 35300 ns, Total: 88800 ns
[2025-07-12T15:29:38.792+0000][61.064s][safepoint   ] Safepoint "Cleanup", Time since last: 1003271400 ns, Reaching safepoint: 39400 ns, Cleanup: 122700 ns, At safepoint: 45000 ns, Total: 207100 ns
[2025-07-12T15:29:39.793+0000][62.065s][safepoint   ] Safepoint "Cleanup", Time since last: 1000415900 ns, Reaching safepoint: 43000 ns, Cleanup: 25100 ns, At safepoint: 39900 ns, Total: 108000 ns
[2025-07-12T15:29:42.797+0000][65.069s][safepoint   ] Safepoint "Cleanup", Time since last: 3004258600 ns, Reaching safepoint: 40800 ns, Cleanup: 20300 ns, At safepoint: 32000 ns, Total: 93100 ns
[2025-07-12T15:29:43.798+0000][66.069s][safepoint   ] Safepoint "Cleanup", Time since last: 1000313800 ns, Reaching safepoint: 35000 ns, Cleanup: 20500 ns, At safepoint: 29900 ns, Total: 85400 ns
[2025-07-12T15:29:49.775+0000][72.076s][safepoint   ] Safepoint "Cleanup", Time since last: 6006531300 ns, Reaching safepoint: 40500 ns, Cleanup: 21300 ns, At safepoint: 31300 ns, Total: 93100 ns
[2025-07-12T15:29:53.799+0000][76.100s][safepoint   ] Safepoint "Cleanup", Time since last: 4023905500 ns, Reaching safepoint: 52000 ns, Cleanup: 26000 ns, At safepoint: 68000 ns, Total: 146000 ns
[2025-07-12T15:29:56.819+0000][79.120s][safepoint   ] Safepoint "Cleanup", Time since last: 3020073400 ns, Reaching safepoint: 39600 ns, Cleanup: 40200 ns, At safepoint: 38000 ns, Total: 117800 ns
[2025-07-12T15:29:58.841+0000][81.142s][safepoint   ] Safepoint "Cleanup", Time since last: 2021922200 ns, Reaching safepoint: 38200 ns, Cleanup: 24900 ns, At safepoint: 37200 ns, Total: 100300 ns
[2025-07-12T15:30:02.851+0000][85.152s][safepoint   ] Safepoint "Cleanup", Time since last: 4005922200 ns, Reaching safepoint: 3622900 ns, Cleanup: 25700 ns, At safepoint: 67000 ns, Total: 3715600 ns
[2025-07-12T15:30:03.852+0000][86.153s][safepoint   ] Safepoint "Cleanup", Time since last: 1001023300 ns, Reaching safepoint: 38200 ns, Cleanup: 16500 ns, At safepoint: 37900 ns, Total: 92600 ns
[2025-07-12T15:30:04.853+0000][87.154s][safepoint   ] Safepoint "Cleanup", Time since last: 1000758000 ns, Reaching safepoint: 43500 ns, Cleanup: 24400 ns, At safepoint: 38000 ns, Total: 105900 ns
[2025-07-12T15:30:09.002+0000][91.302s][safepoint   ] Safepoint "Cleanup", Time since last: 4148602600 ns, Reaching safepoint: 33400 ns, Cleanup: 20400 ns, At safepoint: 29900 ns, Total: 83700 ns
[2025-07-12T15:30:10.002+0000][92.303s][safepoint   ] Safepoint "Cleanup", Time since last: 1000267000 ns, Reaching safepoint: 42700 ns, Cleanup: 24000 ns, At safepoint: 36500 ns, Total: 103200 ns
[2025-07-12T15:30:15.006+0000][97.307s][safepoint   ] Safepoint "Cleanup", Time since last: 5003887600 ns, Reaching safepoint: 435000 ns, Cleanup: 26500 ns, At safepoint: 84900 ns, Total: 546400 ns
[2025-07-12T15:30:16.007+0000][98.308s][safepoint   ] Safepoint "Cleanup", Time since last: 1000562100 ns, Reaching safepoint: 30900 ns, Cleanup: 26600 ns, At safepoint: 29600 ns, Total: 87100 ns
[2025-07-12T15:30:26.997+0000][109.335s][safepoint   ] Safepoint "Cleanup", Time since last: 11027137900 ns, Reaching safepoint: 43300 ns, Cleanup: 23900 ns, At safepoint: 36900 ns, Total: 104100 ns
[2025-07-12T15:30:30.480+0000][112.818s][gc          ] GC(5) Major Collection (Proactive)
[2025-07-12T15:30:30.480+0000][112.818s][gc,task     ] GC(5) Using 1 Workers for Young Generation
[2025-07-12T15:30:30.480+0000][112.818s][gc,task     ] GC(5) Using 1 Workers for Old Generation
[2025-07-12T15:30:30.480+0000][112.818s][gc,phases   ] GC(5) Y: Young Generation
[2025-07-12T15:30:30.480+0000][112.819s][gc,phases   ] GC(5) Y: Pause Mark Start (Major) 0.306ms
[2025-07-12T15:30:30.481+0000][112.819s][safepoint   ] Safepoint "ZMarkStartYoungAndOld", Time since last: 3483135400 ns, Reaching safepoint: 156500 ns, Cleanup: 28000 ns, At safepoint: 898800 ns, Total: 1083300 ns
[2025-07-12T15:30:30.974+0000][113.312s][gc,phases   ] GC(5) Y: Concurrent Mark 492.097ms
[2025-07-12T15:30:30.974+0000][113.313s][gc,phases   ] GC(5) Y: Pause Mark End 0.318ms
[2025-07-12T15:30:30.974+0000][113.313s][safepoint   ] Safepoint "ZMarkEndYoung", Time since last: 492711800 ns, Reaching safepoint: 19000 ns, Cleanup: 38800 ns, At safepoint: 599800 ns, Total: 657600 ns
[2025-07-12T15:30:30.975+0000][113.313s][gc,phases   ] GC(5) Y: Concurrent Mark Free 0.010ms
[2025-07-12T15:30:30.975+0000][113.314s][gc,phases   ] GC(5) Y: Concurrent Reset Relocation Set 0.416ms
[2025-07-12T15:30:30.991+0000][113.330s][gc,reloc    ] GC(5) Y: Using tenuring threshold: 5 (Computed)
[2025-07-12T15:30:31.004+0000][113.343s][gc,phases   ] GC(5) Y: Concurrent Select Relocation Set 28.798ms
[2025-07-12T15:30:31.006+0000][113.344s][gc,phases   ] GC(5) Y: Pause Relocate Start 0.155ms
[2025-07-12T15:30:31.011+0000][113.350s][safepoint   ] Safepoint "ZRelocateStartYoung", Time since last: 31224000 ns, Reaching safepoint: 42400 ns, Cleanup: 25200 ns, At safepoint: 5614900 ns, Total: 5682500 ns
[2025-07-12T15:30:31.166+0000][113.505s][gc,phases   ] GC(5) Y: Concurrent Relocate 154.923ms
[2025-07-12T15:30:31.166+0000][113.505s][gc,alloc    ] GC(5) Y:                         Mark Start        Mark End      Relocate Start    Relocate End   
[2025-07-12T15:30:31.166+0000][113.505s][gc,alloc    ] GC(5) Y: Allocation Stalls:          0                0                0                0         
[2025-07-12T15:30:31.167+0000][113.505s][gc,load     ] GC(5) Y: Load: 2.08 (104%) / 2.06 (103%) / 1.77 (88%)
[2025-07-12T15:30:31.167+0000][113.505s][gc,mmu      ] GC(5) Y: MMU: 2ms/0.0%, 5ms/0.0%, 10ms/43.8%, 20ms/71.9%, 50ms/88.8%, 100ms/94.4%
[2025-07-12T15:30:31.167+0000][113.505s][gc,marking  ] GC(5) Y: Mark: 1 stripe(s), 2 proactive flush(es), 1 terminate flush(es), 0 completion(s), 0 continuation(s) 
[2025-07-12T15:30:31.167+0000][113.505s][gc,marking  ] GC(5) Y: Mark Stack Usage: 32M
[2025-07-12T15:30:31.167+0000][113.505s][gc,nmethod  ] GC(5) Y: NMethods: 7326 registered, 0 unregistered
[2025-07-12T15:30:31.167+0000][113.505s][gc,metaspace] GC(5) Y: Metaspace: 79M used, 81M committed, 1152M reserved
[2025-07-12T15:30:31.167+0000][113.506s][gc,reloc    ] GC(5) Y:                        Candidates     Selected     In-Place         Size        Empty    Relocated 
[2025-07-12T15:30:31.167+0000][113.506s][gc,reloc    ] GC(5) Y: Small Pages:                  206          164            0         412M           8M          24M 
[2025-07-12T15:30:31.167+0000][113.506s][gc,reloc    ] GC(5) Y: Medium Pages:                   0            0            0           0M           0M           0M 
[2025-07-12T15:30:31.167+0000][113.506s][gc,reloc    ] GC(5) Y: Large Pages:                    1            0            0           6M           0M           0M 
[2025-07-12T15:30:31.167+0000][113.506s][gc,reloc    ] GC(5) Y: Forwarding Usage: 12M
[2025-07-12T15:30:31.167+0000][113.506s][gc,reloc    ] GC(5) Y: Age Table:
[2025-07-12T15:30:31.167+0000][113.506s][gc,reloc    ] GC(5) Y:                    Live             Garbage             Small              Medium             Large        
[2025-07-12T15:30:31.167+0000][113.506s][gc,reloc    ] GC(5) Y: Eden              33M (3%)          328M (32%)        178 / 158            0 / 0              1 / 0        
[2025-07-12T15:30:31.167+0000][113.506s][gc,reloc    ] GC(5) Y: Survivor 1        18M (2%)            3M (0%)          11 / 1              0 / 0              0 / 0        
[2025-07-12T15:30:31.167+0000][113.506s][gc,reloc    ] GC(5) Y: Survivor 2        12M (1%)            5M (1%)           9 / 3              0 / 0              0 / 0        
[2025-07-12T15:30:31.168+0000][113.506s][gc,reloc    ] GC(5) Y: Survivor 3         9M (1%)            2M (0%)           6 / 1              0 / 0              0 / 0        
[2025-07-12T15:30:31.168+0000][113.506s][gc,reloc    ] GC(5) Y: Survivor 4         1M (0%)            2M (0%)           2 / 1              0 / 0              0 / 0        
[2025-07-12T15:30:31.168+0000][113.506s][gc,heap     ] GC(5) Y: Min Capacity: 1024M(100%)
[2025-07-12T15:30:31.168+0000][113.506s][gc,heap     ] GC(5) Y: Max Capacity: 1024M(100%)
[2025-07-12T15:30:31.168+0000][113.506s][gc,heap     ] GC(5) Y: Soft Max Capacity: 1024M(100%)
[2025-07-12T15:30:31.168+0000][113.506s][gc,heap     ] GC(5) Y: Heap Statistics:
[2025-07-12T15:30:31.168+0000][113.507s][gc,heap     ] GC(5) Y:                Mark Start          Mark End        Relocate Start      Relocate End           High               Low         
[2025-07-12T15:30:31.168+0000][113.507s][gc,heap     ] GC(5) Y:  Capacity:     1024M (100%)       1024M (100%)       1024M (100%)       1024M (100%)       1024M (100%)       1024M (100%)   
[2025-07-12T15:30:31.168+0000][113.507s][gc,heap     ] GC(5) Y:      Free:      556M (54%)         552M (54%)         560M (55%)         876M (86%)         878M (86%)         548M (54%)    
[2025-07-12T15:30:31.168+0000][113.507s][gc,heap     ] GC(5) Y:      Used:      468M (46%)         472M (46%)         464M (45%)         148M (14%)         476M (46%)         146M (14%)    
[2025-07-12T15:30:31.169+0000][113.507s][gc,heap     ] GC(5) Y: Young Generation Statistics:
[2025-07-12T15:30:31.169+0000][113.507s][gc,heap     ] GC(5) Y:                Mark Start          Mark End        Relocate Start      Relocate End    
[2025-07-12T15:30:31.169+0000][113.507s][gc,heap     ] GC(5) Y:      Used:      418M (41%)         422M (41%)         414M (40%)          98M (10%)    
[2025-07-12T15:30:31.169+0000][113.507s][gc,heap     ] GC(5) Y:      Live:         -                74M (7%)           74M (7%)           74M (7%)     
[2025-07-12T15:30:31.169+0000][113.507s][gc,heap     ] GC(5) Y:   Garbage:         -               343M (34%)         335M (33%)           2M (0%)     
[2025-07-12T15:30:31.169+0000][113.507s][gc,heap     ] GC(5) Y: Allocated:         -                 4M (0%)            4M (0%)           20M (2%)     
[2025-07-12T15:30:31.169+0000][113.507s][gc,heap     ] GC(5) Y: Reclaimed:         -                  -                 8M (1%)          340M (33%)    
[2025-07-12T15:30:31.169+0000][113.507s][gc,heap     ] GC(5) Y:  Promoted:         -                  -                 0M (0%)            0M (0%)     
[2025-07-12T15:30:31.169+0000][113.508s][gc,heap     ] GC(5) Y: Compacted:         -                  -                  -                31M (3%)     
[2025-07-12T15:30:31.169+0000][113.508s][gc,phases   ] GC(5) Y: Young Generation 468M(46%)->148M(14%) 0.687s
[2025-07-12T15:30:31.170+0000][113.508s][gc,phases   ] GC(5) O: Old Generation
[2025-07-12T15:30:31.303+0000][113.641s][gc,phases   ] GC(5) O: Concurrent Mark 133.050ms
[2025-07-12T15:30:31.304+0000][113.642s][gc,phases   ] GC(5) O: Pause Mark End 0.246ms
[2025-07-12T15:30:31.307+0000][113.646s][safepoint   ] Safepoint "ZMarkEndOld", Time since last: 292050600 ns, Reaching safepoint: 26000 ns, Cleanup: 208200 ns, At safepoint: 350200 ns, Total: 584400 ns
[2025-07-12T15:30:31.308+0000][113.646s][gc,phases   ] GC(5) O: Concurrent Mark Free 0.013ms
[2025-07-12T15:30:31.407+0000][113.746s][safepoint   ] Safepoint "CleanClassLoaderDataMetaspaces", Time since last: 102795100 ns, Reaching safepoint: 41900 ns, Cleanup: 176600 ns, At safepoint: 384800 ns, Total: 603300 ns
[2025-07-12T15:30:31.408+0000][113.746s][gc,phases   ] GC(5) O: Concurrent Process Non-Strong 100.086ms
[2025-07-12T15:30:31.408+0000][113.746s][gc,phases   ] GC(5) O: Concurrent Reset Relocation Set 0.012ms
[2025-07-12T15:30:31.414+0000][113.752s][gc,phases   ] GC(5) O: Concurrent Select Relocation Set 5.644ms
[2025-07-12T15:30:31.414+0000][113.752s][gc,task     ] GC(5) O: Using 1 Workers for Old Generation
[2025-07-12T15:30:31.473+0000][113.811s][gc,task     ] GC(5) O: Using 1 Workers for Old Generation
[2025-07-12T15:30:31.474+0000][113.812s][gc,phases   ] GC(5) O: Concurrent Remap Roots 59.298ms
[2025-07-12T15:30:31.474+0000][113.813s][gc,phases   ] GC(5) O: Pause Relocate Start 0.118ms
[2025-07-12T15:30:31.474+0000][113.813s][safepoint   ] Safepoint "ZRelocateStartOld", Time since last: 66639800 ns, Reaching safepoint: 136400 ns, Cleanup: 18600 ns, At safepoint: 372500 ns, Total: 527500 ns
[2025-07-12T15:30:31.485+0000][113.823s][gc,phases   ] GC(5) O: Concurrent Relocate 7.375ms
[2025-07-12T15:30:31.485+0000][113.824s][gc,alloc    ] GC(5) O:                         Mark Start        Mark End      Relocate Start    Relocate End   
[2025-07-12T15:30:31.485+0000][113.824s][gc,alloc    ] GC(5) O: Allocation Stalls:          0                0                0                0         
[2025-07-12T15:30:31.485+0000][113.824s][gc,load     ] GC(5) O: Load: 2.08 (104%) / 2.06 (103%) / 1.77 (88%)
[2025-07-12T15:30:31.486+0000][113.824s][gc,mmu      ] GC(5) O: MMU: 2ms/0.0%, 5ms/0.0%, 10ms/43.8%, 20ms/71.9%, 50ms/88.8%, 100ms/94.4%
[2025-07-12T15:30:31.486+0000][113.824s][gc,marking  ] GC(5) O: Mark: 1 stripe(s), 2 proactive flush(es), 1 terminate flush(es), 0 completion(s), 0 continuation(s) 
[2025-07-12T15:30:31.486+0000][113.824s][gc,marking  ] GC(5) O: Mark Stack Usage: 32M
[2025-07-12T15:30:31.486+0000][113.824s][gc,nmethod  ] GC(5) O: NMethods: 6491 registered, 852 unregistered
[2025-07-12T15:30:31.486+0000][113.824s][gc,metaspace] GC(5) O: Metaspace: 79M used, 81M committed, 1152M reserved
[2025-07-12T15:30:31.486+0000][113.824s][gc,ref      ] GC(5) O:                       Encountered   Discovered     Enqueued 
[2025-07-12T15:30:31.486+0000][113.825s][gc,ref      ] GC(5) O: Soft References:             6809            0            0 
[2025-07-12T15:30:31.486+0000][113.825s][gc,ref      ] GC(5) O: Weak References:            13489          345            0 
[2025-07-12T15:30:31.487+0000][113.825s][gc,ref      ] GC(5) O: Final References:              32            0            0 
[2025-07-12T15:30:31.487+0000][113.825s][gc,ref      ] GC(5) O: Phantom References:          2215          360            0 
[2025-07-12T15:30:31.487+0000][113.825s][gc,reloc    ] GC(5) O:                        Candidates     Selected     In-Place         Size        Empty    Relocated 
[2025-07-12T15:30:31.487+0000][113.825s][gc,reloc    ] GC(5) O: Small Pages:                    9            2            0          18M           0M           1M 
[2025-07-12T15:30:31.487+0000][113.825s][gc,reloc    ] GC(5) O: Medium Pages:                   1            0            0          32M           0M           0M 
[2025-07-12T15:30:31.487+0000][113.825s][gc,reloc    ] GC(5) O: Large Pages:                    0            0            0           0M           0M           0M 
[2025-07-12T15:30:31.487+0000][113.825s][gc,reloc    ] GC(5) O: Forwarding Usage: 0M
[2025-07-12T15:30:31.487+0000][113.825s][gc,heap     ] GC(5) O: Min Capacity: 1024M(100%)
[2025-07-12T15:30:31.487+0000][113.825s][gc,heap     ] GC(5) O: Max Capacity: 1024M(100%)
[2025-07-12T15:30:31.487+0000][113.825s][gc,heap     ] GC(5) O: Soft Max Capacity: 1024M(100%)
[2025-07-12T15:30:31.487+0000][113.825s][gc,heap     ] GC(5) O: Heap Statistics:
[2025-07-12T15:30:31.487+0000][113.825s][gc,heap     ] GC(5) O:                Mark Start          Mark End        Relocate Start      Relocate End           High               Low         
[2025-07-12T15:30:31.487+0000][113.825s][gc,heap     ] GC(5) O:  Capacity:     1024M (100%)       1024M (100%)       1024M (100%)       1024M (100%)       1024M (100%)       1024M (100%)   
[2025-07-12T15:30:31.487+0000][113.826s][gc,heap     ] GC(5) O:      Free:      556M (54%)         876M (86%)         874M (85%)         876M (86%)         878M (86%)         548M (54%)    
[2025-07-12T15:30:31.487+0000][113.826s][gc,heap     ] GC(5) O:      Used:      468M (46%)         148M (14%)         150M (15%)         148M (14%)         476M (46%)         146M (14%)    
[2025-07-12T15:30:31.487+0000][113.826s][gc,heap     ] GC(5) O: Old Generation Statistics:
[2025-07-12T15:30:31.487+0000][113.826s][gc,heap     ] GC(5) O:                Mark Start          Mark End        Relocate Start      Relocate End    
[2025-07-12T15:30:31.487+0000][113.826s][gc,heap     ] GC(5) O:      Used:       50M (5%)           50M (5%)           50M (5%)           48M (5%)     
[2025-07-12T15:30:31.487+0000][113.826s][gc,heap     ] GC(5) O:      Live:         -                17M (2%)           17M (2%)           17M (2%)     
[2025-07-12T15:30:31.487+0000][113.826s][gc,heap     ] GC(5) O:   Garbage:         -                32M (3%)           32M (3%)           28M (3%)     
[2025-07-12T15:30:31.487+0000][113.826s][gc,heap     ] GC(5) O: Allocated:         -                 0M (0%)            0M (0%)            2M (0%)     
[2025-07-12T15:30:31.488+0000][113.826s][gc,heap     ] GC(5) O: Reclaimed:         -                  -                 0M (0%)            4M (0%)     
[2025-07-12T15:30:31.488+0000][113.826s][gc,heap     ] GC(5) O: Compacted:         -                  -                  -                 1M (0%)     
[2025-07-12T15:30:31.488+0000][113.826s][gc,phases   ] GC(5) O: Old Generation 148M(14%)->148M(14%) 0.316s
[2025-07-12T15:30:31.489+0000][113.827s][gc          ] GC(5) Major Collection (Proactive) 468M(46%)->148M(14%) 1.009s
[2025-07-12T15:30:32.478+0000][114.816s][safepoint   ] Safepoint "Cleanup", Time since last: 1003456000 ns, Reaching safepoint: 47900 ns, Cleanup: 54700 ns, At safepoint: 43800 ns, Total: 146400 ns
[2025-07-12T15:30:34.479+0000][116.818s][safepoint   ] Safepoint "Cleanup", Time since last: 2001362400 ns, Reaching safepoint: 34100 ns, Cleanup: 18600 ns, At safepoint: 28900 ns, Total: 81600 ns
[2025-07-12T15:30:38.897+0000][121.235s][safepoint   ] Safepoint "Cleanup", Time since last: 4413640500 ns, Reaching safepoint: 931900 ns, Cleanup: 1952000 ns, At safepoint: 760300 ns, Total: 3644200 ns
[2025-07-12T15:30:40.903+0000][123.241s][safepoint   ] Safepoint "Cleanup", Time since last: 2005880100 ns, Reaching safepoint: 56600 ns, Cleanup: 27500 ns, At safepoint: 119300 ns, Total: 203400 ns
[2025-07-12T15:30:44.089+0000][126.428s][safepoint   ] Safepoint "Cleanup", Time since last: 3183065200 ns, Reaching safepoint: 3120700 ns, Cleanup: 29700 ns, At safepoint: 187900 ns, Total: 3338300 ns
[2025-07-12T15:30:47.168+0000][129.506s][safepoint   ] Safepoint "Cleanup", Time since last: 3078498000 ns, Reaching safepoint: 41600 ns, Cleanup: 29500 ns, At safepoint: 89100 ns, Total: 160200 ns
[2025-07-12T15:30:53.207+0000][135.581s][safepoint   ] Safepoint "Cleanup", Time since last: 6074497500 ns, Reaching safepoint: 57300 ns, Cleanup: 29500 ns, At safepoint: 69600 ns, Total: 156400 ns
[2025-07-12T15:30:56.212+0000][138.585s][safepoint   ] Safepoint "Cleanup", Time since last: 3004204100 ns, Reaching safepoint: 47900 ns, Cleanup: 42600 ns, At safepoint: 38300 ns, Total: 128800 ns
[2025-07-12T15:31:17.301+0000][159.675s][safepoint   ] Safepoint "Cleanup", Time since last: 21089363200 ns, Reaching safepoint: 46900 ns, Cleanup: 29100 ns, At safepoint: 41100 ns, Total: 117100 ns
[2025-07-12T15:31:18.268+0000][160.675s][safepoint   ] Safepoint "Cleanup", Time since last: 1000343100 ns, Reaching safepoint: 49300 ns, Cleanup: 27100 ns, At safepoint: 40900 ns, Total: 117300 ns
[2025-07-12T15:31:21.271+0000][163.678s][safepoint   ] Safepoint "Cleanup", Time since last: 3002499200 ns, Reaching safepoint: 48800 ns, Cleanup: 26000 ns, At safepoint: 34100 ns, Total: 108900 ns
[2025-07-12T15:31:35.377+0000][177.784s][safepoint   ] Safepoint "Cleanup", Time since last: 14106087100 ns, Reaching safepoint: 46400 ns, Cleanup: 27000 ns, At safepoint: 41900 ns, Total: 115300 ns
[2025-07-12T15:31:53.008+0000][195.449s][safepoint   ] Safepoint "Cleanup", Time since last: 17664772500 ns, Reaching safepoint: 43900 ns, Cleanup: 132900 ns, At safepoint: 41000 ns, Total: 217800 ns
[2025-07-12T15:31:57.015+0000][199.456s][safepoint   ] Safepoint "Cleanup", Time since last: 4006763800 ns, Reaching safepoint: 47200 ns, Cleanup: 27900 ns, At safepoint: 150300 ns, Total: 225400 ns
[2025-07-12T15:32:03.097+0000][205.538s][safepoint   ] Safepoint "Cleanup", Time since last: 6081390000 ns, Reaching safepoint: 29300 ns, Cleanup: 20800 ns, At safepoint: 126300 ns, Total: 176400 ns
[2025-07-12T15:32:22.279+0000][224.755s][safepoint   ] Safepoint "Cleanup", Time since last: 19217264100 ns, Reaching safepoint: 63400 ns, Cleanup: 25900 ns, At safepoint: 81800 ns, Total: 171100 ns
[2025-07-12T15:32:30.376+0000][232.852s][safepoint   ] Safepoint "Cleanup", Time since last: 8096453400 ns, Reaching safepoint: 46900 ns, Cleanup: 25500 ns, At safepoint: 36000 ns, Total: 108400 ns
[2025-07-12T15:32:31.376+0000][233.852s][safepoint   ] Safepoint "Cleanup", Time since last: 1000267900 ns, Reaching safepoint: 30300 ns, Cleanup: 22100 ns, At safepoint: 27000 ns, Total: 79400 ns
[2025-07-12T15:32:32.377+0000][234.852s][safepoint   ] Safepoint "Cleanup", Time since last: 1000337000 ns, Reaching safepoint: 53700 ns, Cleanup: 25600 ns, At safepoint: 48000 ns, Total: 127300 ns
[2025-07-12T15:32:34.483+0000][236.959s][safepoint   ] Safepoint "Cleanup", Time since last: 2106149700 ns, Reaching safepoint: 55700 ns, Cleanup: 32000 ns, At safepoint: 71800 ns, Total: 159500 ns
[2025-07-12T15:32:35.484+0000][237.959s][safepoint   ] Safepoint "Cleanup", Time since last: 1000390600 ns, Reaching safepoint: 44700 ns, Cleanup: 25300 ns, At safepoint: 37300 ns, Total: 107300 ns
[2025-07-12T15:32:37.522+0000][239.998s][safepoint   ] Safepoint "Cleanup", Time since last: 2038380100 ns, Reaching safepoint: 36900 ns, Cleanup: 20400 ns, At safepoint: 26900 ns, Total: 84200 ns
[2025-07-12T15:32:46.183+0000][248.659s][safepoint   ] Safepoint "Cleanup", Time since last: 8660766800 ns, Reaching safepoint: 37100 ns, Cleanup: 137500 ns, At safepoint: 31600 ns, Total: 206200 ns
[2025-07-12T15:32:51.150+0000][253.660s][safepoint   ] Safepoint "Cleanup", Time since last: 5001356100 ns, Reaching safepoint: 29000 ns, Cleanup: 22300 ns, At safepoint: 31100 ns, Total: 82400 ns
[2025-07-12T15:32:53.274+0000][255.784s][safepoint   ] Safepoint "Cleanup", Time since last: 2123738300 ns, Reaching safepoint: 43800 ns, Cleanup: 27500 ns, At safepoint: 31500 ns, Total: 102800 ns
[2025-07-12T15:32:54.274+0000][256.784s][safepoint   ] Safepoint "Cleanup", Time since last: 1000356100 ns, Reaching safepoint: 57200 ns, Cleanup: 32100 ns, At safepoint: 37500 ns, Total: 126800 ns
[2025-07-12T15:32:57.276+0000][259.786s][safepoint   ] Safepoint "Cleanup", Time since last: 3001531600 ns, Reaching safepoint: 36500 ns, Cleanup: 23200 ns, At safepoint: 29300 ns, Total: 89000 ns
[2025-07-12T15:32:58.278+0000][260.788s][safepoint   ] Safepoint "Cleanup", Time since last: 1001597200 ns, Reaching safepoint: 41200 ns, Cleanup: 25500 ns, At safepoint: 38500 ns, Total: 105200 ns
[2025-07-12T15:32:59.279+0000][261.789s][safepoint   ] Safepoint "Cleanup", Time since last: 1000980100 ns, Reaching safepoint: 29500 ns, Cleanup: 16100 ns, At safepoint: 25200 ns, Total: 70800 ns
[2025-07-12T15:33:16.376+0000][278.886s][safepoint   ] Safepoint "Cleanup", Time since last: 17097046100 ns, Reaching safepoint: 50200 ns, Cleanup: 39400 ns, At safepoint: 41800 ns, Total: 131400 ns
[2025-07-12T15:33:26.585+0000][289.130s][safepoint   ] Safepoint "Cleanup", Time since last: 10239389500 ns, Reaching safepoint: 4417700 ns, Cleanup: 27400 ns, At safepoint: 74800 ns, Total: 4519900 ns
[2025-07-12T15:33:29.587+0000][292.132s][safepoint   ] Safepoint "Cleanup", Time since last: 3001943800 ns, Reaching safepoint: 35400 ns, Cleanup: 22000 ns, At safepoint: 29600 ns, Total: 87000 ns
[2025-07-12T15:33:39.197+0000][301.741s][safepoint   ] Safepoint "Cleanup", Time since last: 9609318800 ns, Reaching safepoint: 43700 ns, Cleanup: 27100 ns, At safepoint: 40400 ns, Total: 111200 ns
[2025-07-12T15:33:41.198+0000][303.743s][safepoint   ] Safepoint "Cleanup", Time since last: 2001223100 ns, Reaching safepoint: 39300 ns, Cleanup: 20800 ns, At safepoint: 30200 ns, Total: 90300 ns
[2025-07-12T15:33:48.178+0000][310.755s][safepoint   ] Safepoint "Cleanup", Time since last: 7012154300 ns, Reaching safepoint: 44200 ns, Cleanup: 29600 ns, At safepoint: 40200 ns, Total: 114000 ns
